Archive member included because of file (symbol)

./../Platform/Sensors/debug/libSensors_efm32_debug.a(Environmental.o)
                              C:/XDK-Workbench/workspace/WifiSensores/debug/objects/WifiSensores.o (Environmental_init)
./../Platform/Sensors/debug/libSensors_efm32_debug.a(EnvironmentalUtils.o)
                              ./../Platform/Sensors/debug/libSensors_efm32_debug.a(Environmental.o) (SetAmbientTemperatureOffset)
./../Platform/Sensors/debug/libSensors_efm32_debug.a(LightSensor.o)
                              C:/XDK-Workbench/workspace/WifiSensores/debug/objects/WifiSensores.o (LightSensor_init)
./../Platform/BSP/debug/libBSP_efm32_debug.a(BSP_LED.o)
                              C:/XDK-Workbench/workspace/WifiSensores/debug/objects/source/SystemStartup.o (BSP_LED_Connect)
./../Platform/BSP/debug/libBSP_efm32_debug.a(BSP_USB.o)
                              C:/XDK-Workbench/workspace/WifiSensores/debug/objects/source/RetargetStdio.o (RETARGET_WriteChar)
./../Platform/BSP/debug/libBSP_efm32_debug.a(BSP_Board.o)
                              C:/XDK-Workbench/workspace/WifiSensores/debug/objects/source/SystemStartup.o (BSP_Board_OSTickInitialize)
./../Platform/BSP/debug/libBSP_efm32_debug.a(BSP_DMA.o)
                              ./../Platform/BSP/debug/libBSP_efm32_debug.a(BSP_Board.o) (BSP_DMA_Initialize)
./../Platform/BSP/debug/libBSP_efm32_debug.a(BSP_IrqHandler.o)
                              ./../Platform/BSP/debug/libBSP_efm32_debug.a(BSP_Board.o) (IrqHandler_SysTickDummyHandler)
./../Platform/BSP/debug/libBSP_efm32_debug.a(BSP_WiFi_cc3100mod.o)
                              ./../Platform/BSP/debug/libBSP_efm32_debug.a(BSP_IrqHandler.o) (WiFi_CC3100MOD_SPIRxISR)
./../Platform/BSP/debug/libBSP_efm32_debug.a(BSP_BT_EM9301.o)
                              ./../Platform/BSP/debug/libBSP_efm32_debug.a(BSP_IrqHandler.o) (BT_EM9301_UART_TxISR)
./../Platform/BSP/debug/libBSP_efm32_debug.a(BSP_SensorNode.o)
                              ./../Platform/BSP/debug/libBSP_efm32_debug.a(BSP_IrqHandler.o) (SensorNode_I2CISR)
./../Platform/BSP/debug/libBSP_efm32_debug.a(BSP_SDCard.o)
                              ./../Platform/BSP/debug/libBSP_efm32_debug.a(BSP_IrqHandler.o) (SDCard_SPIRxISR)
./../Libraries/FreeRTOS/debug/libFreeRTOS_efm32_debug.a(tasks.o)
                              C:/XDK-Workbench/workspace/WifiSensores/debug/objects/Main.o (vTaskStartScheduler)
./../Libraries/FreeRTOS/debug/libFreeRTOS_efm32_debug.a(timers.o)
                              ./../Libraries/FreeRTOS/debug/libFreeRTOS_efm32_debug.a(tasks.o) (xTimerCreateTimerTask)
./../Libraries/FreeRTOS/debug/libFreeRTOS_efm32_debug.a(heap_4.o)
                              ./../Libraries/FreeRTOS/debug/libFreeRTOS_efm32_debug.a(tasks.o) (pvPortMalloc)
./../Libraries/FreeRTOS/debug/libFreeRTOS_efm32_debug.a(port.o)
                              ./../Libraries/FreeRTOS/debug/libFreeRTOS_efm32_debug.a(tasks.o) (pxPortInitialiseStack)
./../Libraries/FreeRTOS/debug/libFreeRTOS_efm32_debug.a(list.o)
                              ./../Libraries/FreeRTOS/debug/libFreeRTOS_efm32_debug.a(tasks.o) (vListInitialise)
./../Libraries/FreeRTOS/debug/libFreeRTOS_efm32_debug.a(queue.o)
                              ./../Libraries/FreeRTOS/debug/libFreeRTOS_efm32_debug.a(timers.o) (xQueueGenericCreate)
./../Libraries/EMlib/debug/libEMLib_efm32_debug.a(em_adc.o)
                              ./../Platform/BSP/debug/libBSP_efm32_debug.a(BSP_Board.o) (ADC_Init)
./../Libraries/EMlib/debug/libEMLib_efm32_debug.a(em_cmu.o)
                              ./../Platform/BSP/debug/libBSP_efm32_debug.a(BSP_Board.o) (CMU_ClockDivSet)
./../Libraries/EMlib/debug/libEMLib_efm32_debug.a(em_msc.o)
                              ./../Platform/BSP/debug/libBSP_efm32_debug.a(BSP_Board.o) (MSC_Init)
./../Libraries/EMlib/debug/libEMLib_efm32_debug.a(em_dma.o)
                              ./../Platform/BSP/debug/libBSP_efm32_debug.a(BSP_DMA.o) (DMA_Reset)
./../Libraries/EMlib/debug/libEMLib_efm32_debug.a(em_emu.o)
                              ./../Libraries/EMlib/debug/libEMLib_efm32_debug.a(em_cmu.o) (EMU_UpdateOscConfig)
./../Libraries/EMlib/debug/libEMLib_efm32_debug.a(em_gpio.o)
                              ./../Platform/BSP/debug/libBSP_efm32_debug.a(BSP_Board.o) (GPIO_DriveModeSet)
./../Libraries/EMlib/debug/libEMLib_efm32_debug.a(em_int.o)
                              C:/XDK-Workbench/workspace/WifiSensores/debug/objects/./../Libraries/EMlib/3rd-party/EMLib/usb/src/em_usbdint.o (INT_LockCnt)
./../Libraries/EMlib/debug/libEMLib_efm32_debug.a(em_i2c.o)
                              ./../Platform/BSP/debug/libBSP_efm32_debug.a(BSP_SensorNode.o) (I2C_Enable)
./../Libraries/EMlib/debug/libEMLib_efm32_debug.a(em_usart.o)
                              ./../Platform/BSP/debug/libBSP_efm32_debug.a(BSP_Board.o) (USART_BaudrateSyncSet)
./../Libraries/EMlib/debug/libEMLib_efm32_debug.a(em_system.o)
[...]
Memory Configuration

Name             Origin             Length             Attributes
FLASH            0x00010000         0x000f0000         xr
RAM              0x20000000         0x00020000         xrw
*default*        0x00000000         0xffffffff

Linker script and memory map

LOAD c:/xdk-workbench/armgcc/bin/../lib/gcc/arm-none-eabi/4.7.4/armv7-m/crti.o
LOAD c:/xdk-workbench/armgcc/bin/../lib/gcc/arm-none-eabi/4.7.4/armv7-m/crtbegin.o
LOAD c:/xdk-workbench/armgcc/bin/../lib/gcc/arm-none-eabi/4.7.4/../../../../arm-none-eabi/lib/armv7-m/crt0.o
LOAD C:/XDK-Workbench/workspace/WifiSensores/debug/objects/source/Assert.o
LOAD C:/XDK-Workbench/workspace/WifiSensores/debug/objects/source/RetargetStdio.o
LOAD C:/XDK-Workbench/workspace/WifiSensores/debug/objects/source/UsbResetUtility.o
LOAD C:/XDK-Workbench/workspace/WifiSensores/debug/objects/source/SensorHandle.o
LOAD C:/XDK-Workbench/workspace/WifiSensores/debug/objects/source/SystemStartup.o
LOAD C:/XDK-Workbench/workspace/WifiSensores/debug/objects/source/XdkVersion.o
LOAD C:/XDK-Workbench/workspace/WifiSensores/debug/objects/./../Libraries/EMlib/3rd-party/EMLib/usb/src/em_usbdint.o
LOAD C:/XDK-Workbench/workspace/WifiSensores/debug/objects/Main.o
LOAD C:/XDK-Workbench/workspace/WifiSensores/debug/objects/WifiSensores.o
LOAD C:/XDK-Workbench/workspace/WifiSensores/debug/objects/startup_efm32gg.o
START GROUP
LOAD ./../Platform/SensorUtils/debug/libSensorUtils_efm32_debug.a
LOAD ./../Platform/Sensors/debug/libSensors_efm32_debug.a
LOAD ./../Platform/BSP/debug/libBSP_efm32_debug.a
LOAD ./../Libraries/FreeRTOS/debug/libFreeRTOS_efm32_debug.a
LOAD ./../Libraries/EMlib/debug/libEMLib_efm32_debug.a
LOAD ./../Libraries/BSTLib/debug/libBSTLib_efm32_debug.a
LOAD ./../Libraries/WiFi/debug/libWiFi_efm32_debug.a
LOAD ./../Libraries/FATfs/debug/libFATfs_efm32_debug.a
LOAD ./../Libraries/BLEStack/3rd-party/Alpwise/ALPW-BLESDKCM3/BLESW_CoreStack/Libraries/BLESW_CoreStack_CM3.a
LOAD ./../Libraries/BLEStack/3rd-party/Alpwise/ALPW-BLESDKCM3/BLESW_ALPWDataExchange/Libraries/BLESW_ALPWDEP_Server_CM3.a
LOAD ./../Libraries/BLEStack/3rd-party/Alpwise/ALPW-BLESDKCM3/BLESW_CoreStack/Libraries/BLESW_ALPWDES_CM3.a
LOAD ./../Libraries/BLEStack/3rd-party/Alpwise/ALPW-BLESDKCM3/BLESW_AlertNotification/Libraries/BLESW_ANP_Server_CM3.a
LOAD ./../Libraries/BLEStack/3rd-party/Alpwise/ALPW-BLESDKCM3/BLESW_CoreStack/Libraries/BLESW_ANS_CM3.a
LOAD ./../Libraries/BLEStack/3rd-party/Alpwise/ALPW-BLESDKCM3/BLESW_BloodPressure/Libraries/BLESW_BLP_Sensor_CM3.a
LOAD ./../Libraries/BLEStack/3rd-party/Alpwise/ALPW-BLESDKCM3/BLESW_CoreStack/Libraries/BLESW_BLS_CM3.a
LOAD ./../Libraries/BLEStack/3rd-party/Alpwise/ALPW-BLESDKCM3/BLESW_CyclingPower/Libraries/BLESW_CPP_Sensor_CM3.a
LOAD ./../Libraries/BLEStack/3rd-party/Alpwise/ALPW-BLESDKCM3/BLESW_CoreStack/Libraries/BLESW_CPS_CM3.a
LOAD ./../Libraries/BLEStack/3rd-party/Alpwise/ALPW-BLESDKCM3/BLESW_CyclingSpeedAndCadence/Libraries/BLESW_CSCP_Sensor_CM3.a
LOAD ./../Libraries/BLEStack/3rd-party/Alpwise/ALPW-BLESDKCM3/BLESW_CoreStack/Libraries/BLESW_CSCS_CM3.a
LOAD ./../Libraries/BLEStack/3rd-party/Alpwise/ALPW-BLESDKCM3/BLESW_Glucose/Libraries/BLESW_GLP_Sensor_CM3.a
LOAD ./../Libraries/BLEStack/3rd-party/Alpwise/ALPW-BLESDKCM3/BLESW_CoreStack/Libraries/BLESW_GLS_CM3.a
LOAD ./../Libraries/BLEStack/3rd-party/Alpwise/ALPW-BLESDKCM3/BLESW_HealthThermometer/Libraries/BLESW_HTP_Thermometer_CM3.a
LOAD ./../Libraries/BLEStack/3rd-party/Alpwise/ALPW-BLESDKCM3/BLESW_CoreStack/Libraries/BLESW_HTS_CM3.a
LOAD ./../Libraries/BLEStack/3rd-party/Alpwise/ALPW-BLESDKCM3/BLESW_HeartRate/Libraries/BLESW_HRP_Sensor_CM3.a
LOAD ./../Libraries/BLEStack/3rd-party/Alpwise/ALPW-BLESDKCM3/BLESW_CoreStack/Libraries/BLESW_HRS_CM3.a
LOAD ./../Libraries/BLEStack/3rd-party/Alpwise/ALPW-BLESDKCM3/BLESW_HumanInterfaceDevice/Libraries/BLESW_HID_Host_CM3.a
LOAD ./../Libraries/BLEStack/3rd-party/Alpwise/ALPW-BLESDKCM3/BLESW_CoreStack/Libraries/BLESW_HIDS_CM3.a
LOAD ./../Libraries/BLEStack/3rd-party/Alpwise/ALPW-BLESDKCM3/BLESW_LocationAndNavigation/Libraries/BLESW_LNP_Sensor_CM3.a
LOAD ./../Libraries/BLEStack/3rd-party/Alpwise/ALPW-BLESDKCM3/BLESW_CoreStack/Libraries/BLESW_LNS_CM3.a
LOAD ./../Libraries/BLEStack/3rd-party/Alpwise/ALPW-BLESDKCM3/BLESW_NetworkAvailability/Libraries/BLESW_NWAP_Reporter_CM3.a
LOAD ./../Libraries/BLEStack/3rd-party/Alpwise/ALPW-BLESDKCM3/BLESW_CoreStack/Libraries/BLESW_NWAS_CM3.a
LOAD ./../Libraries/BLEStack/3rd-party/Alpwise/ALPW-BLESDKCM3/BLESW_PhoneAlertStatus/Libraries/BLESW_PASP_Server_CM3.a
LOAD ./../Libraries/BLEStack/3rd-party/Alpwise/ALPW-BLESDKCM3/BLESW_CoreStack/Libraries/BLESW_PASS_CM3.a
LOAD ./../Libraries/BLEStack/3rd-party/Alpwise/ALPW-BLESDKCM3/BLESW_RunningSpeedAndCadence/Libraries/BLESW_RSCP_Sensor_CM3.a
LOAD ./../Libraries/BLEStack/3rd-party/Alpwise/ALPW-BLESDKCM3/BLESW_CoreStack/Libraries/BLESW_RSCS_CM3.a
LOAD ./../Libraries/EMlib/3rd-party/EMLib/CMSIS/Lib/GCC/libarm_cortexM3l_math.a
LOAD ./../Libraries/BSX/BSX4/Source/algo/algo_bsx/Lib/libalgobsxm3/libalgobsx.a
LOAD ./../Platform/Essentials/release/libEssentials_efm32.a
LOAD ./../Platform/Utils/release/libUtils_efm32.a
LOAD ./../Platform/Drivers/release/libDrivers_efm32.a
LOAD ./../Platform/FOTA/release/libFOTA_efm32.a
LOAD ./../Platform/Wlan/release/libWlan_efm32.a
LOAD ./../Platform/BLE/release/libBLE_efm32.a
LOAD ./../Libraries/Escrypt_CycurTLS/release/libEscrypt_CycurTLS_efm32.a
LOAD ./../Platform/ServalPAL_WiFi/release/libServalPalWifi_efm32.a
LOAD ./../Platform/SensorToolbox/release/libSensorToolbox_efm32.a
END GROUP
START GROUP
LOAD c:/xdk-workbench/armgcc/bin/../lib/gcc/arm-none-eabi/4.7.4/armv7-m\libgcc.a
LOAD c:/xdk-workbench/armgcc/bin/../lib/gcc/arm-none-eabi/4.7.4/../../../../arm-none-eabi/lib/armv7-m\libc.a
LOAD c:/xdk-workbench/armgcc/bin/../lib/gcc/arm-none-eabi/4.7.4/../../../../arm-none-eabi/lib/armv7-m\libm.a
END GROUP
START GROUP
LOAD c:/xdk-workbench/armgcc/bin/../lib/gcc/arm-none-eabi/4.7.4/armv7-m\libgcc.a
LOAD c:/xdk-workbench/armgcc/bin/../lib/gcc/arm-none-eabi/4.7.4/../../../../arm-none-eabi/lib/armv7-m\libc.a
END GROUP
LOAD c:/xdk-workbench/armgcc/bin/../lib/gcc/arm-none-eabi/4.7.4/armv7-m/crtend.o
LOAD c:/xdk-workbench/armgcc/bin/../lib/gcc/arm-none-eabi/4.7.4/armv7-m/crtn.o

.text           0x00010000    0x27984
 *(.isr_vector)
 .isr_vector    0x00010000      0x100 C:/XDK-Workbench/workspace/WifiSensores/debug/objects/startup_efm32gg.o
                0x00010000                __isr_vector
 *(.text*)
 .text          0x00010100       0x54 c:/xdk-workbench/armgcc/bin/../lib/gcc/arm-none-eabi/4.7.4/armv7-m/crtbegin.o
 .text          0x00010154       0x70 c:/xdk-workbench/armgcc/bin/../lib/gcc/arm-none-eabi/4.7.4/../../../../arm-none-eabi/lib/armv7-m/crt0.o
                0x00010154                _start
                0x00010154                start
                0x00010154                _mainCRTStartup
 .text.Assert_Initialize
                0x000101c4       0x40 C:/XDK-Workbench/workspace/WifiSensores/debug/objects/source/Assert.o
                0x000101c4                Assert_Initialize
 .text.Assert_Dynamic
                0x00010204       0x2c C:/XDK-Workbench/workspace/WifiSensores/debug/objects/source/Assert.o
                0x00010204                Assert_Dynamic
 .text._close   0x00010230       0x18 C:/XDK-Workbench/workspace/WifiSensores/debug/objects/source/RetargetStdio.o
                0x00010230                _close
 .text._exit    0x00010248        0xc C:/XDK-Workbench/workspace/WifiSensores/debug/objects/source/RetargetStdio.o
                0x00010248                _exit
 .text._fstat   0x00010254       0x24 C:/XDK-Workbench/workspace/WifiSensores/debug/objects/source/RetargetStdio.o
                0x00010254                _fstat
 .text._isatty  0x00010278       0x18 C:/XDK-Workbench/workspace/WifiSensores/debug/objects/source/RetargetStdio.o
                0x00010278                _isatty
 .text._lseek   0x00010290       0x1c C:/XDK-Workbench/workspace/WifiSensores/debug/objects/source/RetargetStdio.o
                0x00010290                _lseek
 .text._read    0x000102ac       0x70 C:/XDK-Workbench/workspace/WifiSensores/debug/objects/source/RetargetStdio.o
                0x000102ac                _read
 .text._sbrk    0x0001031c       0xa0 C:/XDK-Workbench/workspace/WifiSensores/debug/objects/source/RetargetStdio.o
                0x0001031c                _sbrk
 .text._write   0x000103bc       0x20 C:/XDK-Workbench/workspace/WifiSensores/debug/objects/source/RetargetStdio.o
                0x000103bc                _write
 .text.NVIC_SystemReset
                0x000103dc       0x30 C:/XDK-Workbench/workspace/WifiSensores/debug/objects/source/UsbResetUtility.o
 .text.UsbResetUtility_SystemReset
                0x0001040c       0x10 C:/XDK-Workbench/workspace/WifiSensores/debug/objects/source/UsbResetUtility.o
 .text.UsbResetUtility_InteruptHandling
                0x0001041c       0x54 C:/XDK-Workbench/workspace/WifiSensores/debug/objects/source/UsbResetUtility.o
 .text.UsbResetUtility_Init
                0x00010470       0x40 C:/XDK-Workbench/workspace/WifiSensores/debug/objects/source/UsbResetUtility.o
                0x00010470                UsbResetUtility_Init
 .text.UsbResetUtility_UsbISRCallback
                0x000104b0      0x138 C:/XDK-Workbench/workspace/WifiSensores/debug/objects/source/UsbResetUtility.o
                0x000104b0                UsbResetUtility_UsbISRCallback
 .text.Retcode_GetPackage
                0x000105e8       0x1c C:/XDK-Workbench/workspace/WifiSensores/debug/objects/source/SystemStartup.o
 .text.Retcode_GetModuleId
                0x00010604       0x1c C:/XDK-Workbench/workspace/WifiSensores/debug/objects/source/SystemStartup.o
 .text.Retcode_GetSeverity
                0x00010620       0x24 C:/XDK-Workbench/workspace/WifiSensores/debug/objects/source/SystemStartup.o
 .text.Retcode_GetCode
                0x00010644       0x20 C:/XDK-Workbench/workspace/WifiSensores/debug/objects/source/SystemStartup.o
 .text.bleGetMacAddress
                0x00010664       0xec C:/XDK-Workbench/workspace/WifiSensores/debug/objects/source/SystemStartup.o
 .text.SysTickPreCallback
                0x00010750       0x14 C:/XDK-Workbench/workspace/WifiSensores/debug/objects/source/SystemStartup.o
 .text.DefaultErrorHandlingFunc
                0x00010764       0xf4 C:/XDK-Workbench/workspace/WifiSensores/debug/objects/source/SystemStartup.o
                0x00010764                DefaultErrorHandlingFunc
 .text.assertIndicationMapping
                0x00010858       0x44 C:/XDK-Workbench/workspace/WifiSensores/debug/objects/source/SystemStartup.o
                0x00010858                assertIndicationMapping
 .text.systemStartup
                0x0001089c      0x154 C:/XDK-Workbench/workspace/WifiSensores/debug/objects/source/SystemStartup.o
                0x0001089c                systemStartup
 .text.vApplicationStackOverflowHook
                0x000109f0       0x5c C:/XDK-Workbench/workspace/WifiSensores/debug/objects/source/SystemStartup.o
                0x000109f0                vApplicationStackOverflowHook
 .text.vApplicationMallocFailedHook
                0x00010a4c       0x14 C:/XDK-Workbench/workspace/WifiSensores/debug/objects/source/SystemStartup.o
                0x00010a4c                vApplicationMallocFailedHook
 .text.INT_Disable
                0x00010a60       0x40 C:/XDK-Workbench/workspace/WifiSensores/debug/objects/./../Libraries/EMlib/3rd-party/EMLib/usb/src/em_usbdint.o
 .text.INT_Enable
                0x00010aa0       0x54 C:/XDK-Workbench/workspace/WifiSensores/debug/objects/./../Libraries/EMlib/3rd-party/EMLib/usb/src/em_usbdint.o
 .text.USBHAL_FlushTxFifo
                0x00010af4       0x4c C:/XDK-Workbench/workspace/WifiSensores/debug/objects/./../Libraries/EMlib/3rd-party/EMLib/usb/src/em_usbdint.o
 .text.USBHAL_GetCoreInts
                0x00010b40       0x40 C:/XDK-Workbench/workspace/WifiSensores/debug/objects/./../Libraries/EMlib/3rd-party/EMLib/usb/src/em_usbdint.o
 .text.USBDHAL_EnableInts
                0x00010b80       0x70 C:/XDK-Workbench/workspace/WifiSensores/debug/objects/./../Libraries/EMlib/3rd-party/EMLib/usb/src/em_usbdint.o
 .text.USBDHAL_Ep0Activate
                0x00010bf0       0x70 C:/XDK-Workbench/workspace/WifiSensores/debug/objects/./../Libraries/EMlib/3rd-party/EMLib/usb/src/em_usbdint.o
 .text.USBDHAL_GetAllInEpInts
                0x00010c60       0x48 C:/XDK-Workbench/workspace/WifiSensores/debug/objects/./../Libraries/EMlib/3rd-party/EMLib/usb/src/em_usbdint.o
 .text.USBDHAL_GetAllOutEpInts
                0x00010ca8       0x44 C:/XDK-Workbench/workspace/WifiSensores/debug/objects/./../Libraries/EMlib/3rd-party/EMLib/usb/src/em_usbdint.o
 .text.USBDHAL_GetInEpInts
                0x00010cec       0x44 C:/XDK-Workbench/workspace/WifiSensores/debug/objects/./../Libraries/EMlib/3rd-party/EMLib/usb/src/em_usbdint.o
 .text.USBDHAL_GetOutEpInts
                0x00010d30       0x44 C:/XDK-Workbench/workspace/WifiSensores/debug/objects/./../Libraries/EMlib/3rd-party/EMLib/usb/src/em_usbdint.o
 .text.USBDHAL_StartEp0Setup
                0x00010d74       0x88 C:/XDK-Workbench/workspace/WifiSensores/debug/objects/./../Libraries/EMlib/3rd-party/EMLib/usb/src/em_usbdint.o
 .text.USBD_GetEpFromAddr
                0x00010dfc       0xa0 C:/XDK-Workbench/workspace/WifiSensores/debug/objects/./../Libraries/EMlib/3rd-party/EMLib/usb/src/em_usbdint.o
 .text.USB_IRQHandler
                0x00010e9c      0x16c C:/XDK-Workbench/workspace/WifiSensores/debug/objects/./../Libraries/EMlib/3rd-party/EMLib/usb/src/em_usbdint.o
                0x00010e9c                USB_IRQHandler
 .text.Handle_USB_GINTSTS_ENUMDONE
                0x00011008       0x3c C:/XDK-Workbench/workspace/WifiSensores/debug/objects/./../Libraries/EMlib/3rd-party/EMLib/usb/src/em_usbdint.o
 .text.Handle_USB_GINTSTS_IEPINT
                0x00011044      0x118 C:/XDK-Workbench/workspace/WifiSensores/debug/objects/./../Libraries/EMlib/3rd-party/EMLib/usb/src/em_usbdint.o
 .text.Handle_USB_GINTSTS_OEPINT
                0x0001115c      0x230 C:/XDK-Workbench/workspace/WifiSensores/debug/objects/./../Libraries/EMlib/3rd-party/EMLib/usb/src/em_usbdint.o
 .text.Handle_USB_GINTSTS_RESETDET
                0x0001138c       0x40 C:/XDK-Workbench/workspace/WifiSensores/debug/objects/./../Libraries/EMlib/3rd-party/EMLib/usb/src/em_usbdint.o
 .text.Handle_USB_GINTSTS_SOF
                0x000113cc       0x64 C:/XDK-Workbench/workspace/WifiSensores/debug/objects/./../Libraries/EMlib/3rd-party/EMLib/usb/src/em_usbdint.o
 .text.Handle_USB_GINTSTS_USBRST
                0x00011430      0x150 C:/XDK-Workbench/workspace/WifiSensores/debug/objects/./../Libraries/EMlib/3rd-party/EMLib/usb/src/em_usbdint.o
 .text.Handle_USB_GINTSTS_USBSUSP
                0x00011580       0x68 C:/XDK-Workbench/workspace/WifiSensores/debug/objects/./../Libraries/EMlib/3rd-party/EMLib/usb/src/em_usbdint.o
 .text.Handle_USB_GINTSTS_WKUPINT
                0x000115e8       0x30 C:/XDK-Workbench/workspace/WifiSensores/debug/objects/./../Libraries/EMlib/3rd-party/EMLib/usb/src/em_usbdint.o
 .text.main     0x00011618       0xa8 C:/XDK-Workbench/workspace/WifiSensores/debug/objects/Main.o
                0x00011618                main
 .text.flashCertificate
                0x000116c0       0x98 C:/XDK-Workbench/workspace/WifiSensores/debug/objects/WifiSensores.o
                0x000116c0                flashCertificate
 .text.connectServerSecure
                0x00011758       0xa8 C:/XDK-Workbench/workspace/WifiSensores/debug/objects/WifiSensores.o
                0x00011758                connectServerSecure
 .text.readLightSensor
                0x00011800       0x4c C:/XDK-Workbench/workspace/WifiSensores/debug/objects/WifiSensores.o
                0x00011800                readLightSensor
 .text.readEnvironmentalTemperature
                0x0001184c       0x70 C:/XDK-Workbench/workspace/WifiSensores/debug/objects/WifiSensores.o
                0x0001184c                readEnvironmentalTemperature
 .text.readEnvironmentalHumidity
                0x000118bc       0x70 C:/XDK-Workbench/workspace/WifiSensores/debug/objects/WifiSensores.o
                0x000118bc                readEnvironmentalHumidity
 .text.readEnvironmentalPressure
                0x0001192c       0x70 C:/XDK-Workbench/workspace/WifiSensores/debug/objects/WifiSensores.o
                0x0001192c                readEnvironmentalPressure
 .text.sendPostRequest
                0x0001199c      0x288 C:/XDK-Workbench/workspace/WifiSensores/debug/objects/WifiSensores.o
                0x0001199c                sendPostRequest
 .text.taskSendPost
                0x00011c24       0x68 C:/XDK-Workbench/workspace/WifiSensores/debug/objects/WifiSensores.o
                0x00011c24                taskSendPost
 .text.WlanConnect
                0x00011c8c      0x140 C:/XDK-Workbench/workspace/WifiSensores/debug/objects/WifiSensores.o
 .text.setupWlan
                0x00011dcc       0x74 C:/XDK-Workbench/workspace/WifiSensores/debug/objects/WifiSensores.o
 .text.initLightSensor
                0x00011e40       0x38 C:/XDK-Workbench/workspace/WifiSensores/debug/objects/WifiSensores.o
 .text.initEnviromentalSensor
                0x00011e78       0x38 C:/XDK-Workbench/workspace/WifiSensores/debug/objects/WifiSensores.o
 .text.init     0x00011eb0       0x20 C:/XDK-Workbench/workspace/WifiSensores/debug/objects/WifiSensores.o
                0x00011eb0                init
 .text.appInitSystem
                0x00011ed0       0xac C:/XDK-Workbench/workspace/WifiSensores/debug/objects/WifiSensores.o
                0x00011ed0                appInitSystem
 .text          0x00011f7c       0x98 C:/XDK-Workbench/workspace/WifiSensores/debug/objects/startup_efm32gg.o
                0x00011f7c                Reset_Handler
                0x00011fb0                Default_Handler
                0x00011fb2                NMI_Handler
                0x00011fb4                HardFault_Handler
                0x00011fb6                MemManage_Handler
                0x00011fb8                BusFault_Handler
                0x00011fba                UsageFault_Handler
                0x00011fbe                DebugMon_Handler
                0x00011fc8                TIMER0_IRQHandler
                0x00011fce                ACMP0_IRQHandler
                0x00011fd2                ADC0_IRQHandler
                0x00011fd4                DAC0_IRQHandler
                0x00011fd8                I2C1_IRQHandler
                0x00011fdc                TIMER1_IRQHandler
                0x00011fde                TIMER2_IRQHandler
                0x00011fe0                TIMER3_IRQHandler
                0x00011fe6                LESENSE_IRQHandler
                0x00011fe8                USART2_RX_IRQHandler
                0x00011fea                USART2_TX_IRQHandler
                0x00011ff0                UART1_RX_IRQHandler
                0x00011ff2                UART1_TX_IRQHandler
                0x00011ff4                LEUART0_IRQHandler
                0x00011ff6                LEUART1_IRQHandler
                0x00011ff8                LETIMER0_IRQHandler
                0x00011ffa                PCNT0_IRQHandler
                0x00011ffc                PCNT1_IRQHandler
                0x00011ffe                PCNT2_IRQHandler
                0x00012002                BURTC_IRQHandler
                0x00012004                CMU_IRQHandler
                0x00012006                VCMP_IRQHandler
                0x00012008                LCD_IRQHandler
                0x0001200a                MSC_IRQHandler
                0x0001200c                AES_IRQHandler
                0x0001200e                EBI_IRQHandler
                0x00012010                EMU_IRQHandler
 .text.Retcode_GetPackage
                0x00012014       0x1c ./../Platform/Sensors/debug/libSensors_efm32_debug.a(Environmental.o)
 .text.bme280LibErrorMapping
                0x00012030       0x48 ./../Platform/Sensors/debug/libSensors_efm32_debug.a(Environmental.o)
 .text.Environmental_init
                0x00012078       0x9c ./../Platform/Sensors/debug/libSensors_efm32_debug.a(Environmental.o)
                0x00012078                Environmental_init
 .text.Environmental_readData
                0x00012114       0xd0 ./../Platform/Sensors/debug/libSensors_efm32_debug.a(Environmental.o)
                0x00012114                Environmental_readData
 .text.Environmental_readTemperatureLSB
                0x000121e4       0x94 ./../Platform/Sensors/debug/libSensors_efm32_debug.a(Environmental.o)
                0x000121e4                Environmental_readTemperatureLSB
 .text.Environmental_readPressureLSB
                0x00012278       0x94 ./../Platform/Sensors/debug/libSensors_efm32_debug.a(Environmental.o)
                0x00012278                Environmental_readPressureLSB
 .text.Environmental_readHumidityLSB
                0x0001230c       0x94 ./../Platform/Sensors/debug/libSensors_efm32_debug.a(Environmental.o)
                0x0001230c                Environmental_readHumidityLSB
 .text.Environmental_readTemperature
                0x000123a0       0x6c ./../Platform/Sensors/debug/libSensors_efm32_debug.a(Environmental.o)
                0x000123a0                Environmental_readTemperature
 .text.Environmental_readPressure
                0x0001240c       0x54 ./../Platform/Sensors/debug/libSensors_efm32_debug.a(Environmental.o)
                0x0001240c                Environmental_readPressure
 .text.Environmental_readHumidity
                0x00012460       0x60 ./../Platform/Sensors/debug/libSensors_efm32_debug.a(Environmental.o)
                0x00012460                Environmental_readHumidity
 .text.Retcode_GetPackage
                0x000124c0       0x1c ./../Platform/Sensors/debug/libSensors_efm32_debug.a(LightSensor.o)
 .text.maxIsrCallback
                0x000124dc       0xbc ./../Platform/Sensors/debug/libSensors_efm32_debug.a(LightSensor.o)
 .text.LightSensor_init
                0x00012598       0xb8 ./../Platform/Sensors/debug/libSensors_efm32_debug.a(LightSensor.o)
                0x00012598                LightSensor_init
 .text.LightSensor_readLuxData
                0x00012650       0xac ./../Platform/Sensors/debug/libSensors_efm32_debug.a(LightSensor.o)
                0x00012650                LightSensor_readLuxData
 .text.GPIO_PinOutClear
                0x000126fc       0x4c ./../Platform/BSP/debug/libBSP_efm32_debug.a(BSP_LED.o)
 .text.GPIO_PinOutSet
                0x00012748       0x4c ./../Platform/BSP/debug/libBSP_efm32_debug.a(BSP_LED.o)
 .text.GPIO_PinOutToggle
                0x00012794       0x4c ./../Platform/BSP/debug/libBSP_efm32_debug.a(BSP_LED.o)
 .text.BSP_LED_Connect
                0x000127e0       0x48 ./../Platform/BSP/debug/libBSP_efm32_debug.a(BSP_LED.o)
                0x000127e0                BSP_LED_Connect
 .text.BSP_LED_EnableAll
                0x00012828       0x3c ./../Platform/BSP/debug/libBSP_efm32_debug.a(BSP_LED.o)
                0x00012828                BSP_LED_EnableAll
 .text.BSP_LED_Switch
                0x00012864      0x15c ./../Platform/BSP/debug/libBSP_efm32_debug.a(BSP_LED.o)
                0x00012864                BSP_LED_Switch
 .text.BSP_LED_SwitchAll
                0x000129c0       0xd0 ./../Platform/BSP/debug/libBSP_efm32_debug.a(BSP_LED.o)
                0x000129c0                BSP_LED_SwitchAll
 .text.USB_setSerialNumber
                0x00012a90       0x7c ./../Platform/BSP/debug/libBSP_efm32_debug.a(BSP_USB.o)
 .text.USB_dataReceivedCallback
                0x00012b0c       0x98 ./../Platform/BSP/debug/libBSP_efm32_debug.a(BSP_USB.o)
 .text.USB_dataTransferred
                0x00012ba4       0x4c ./../Platform/BSP/debug/libBSP_efm32_debug.a(BSP_USB.o)
 .text.USB_stateChange
                0x00012bf0       0x58 ./../Platform/BSP/debug/libBSP_efm32_debug.a(BSP_USB.o)
                0x00012bf0                USB_stateChange
 .text.USB_setupCommand
                0x00012c48      0x108 ./../Platform/BSP/debug/libBSP_efm32_debug.a(BSP_USB.o)
                0x00012c48                USB_setupCommand
 .text.USB_init
                0x00012d50       0xd0 ./../Platform/BSP/debug/libBSP_efm32_debug.a(BSP_USB.o)
                0x00012d50                USB_init
 .text.USB_receiveByte
                0x00012e20       0xa0 ./../Platform/BSP/debug/libBSP_efm32_debug.a(BSP_USB.o)
                0x00012e20                USB_receiveByte
 .text.RETARGET_WriteChar
                0x00012ec0       0x2c ./../Platform/BSP/debug/libBSP_efm32_debug.a(BSP_USB.o)
                0x00012ec0                RETARGET_WriteChar
 .text.USB_transmitData
                0x00012eec       0xc4 ./../Platform/BSP/debug/libBSP_efm32_debug.a(BSP_USB.o)
                0x00012eec                USB_transmitData
 .text.RETARGET_ReadChar
                0x00012fb0       0x24 ./../Platform/BSP/debug/libBSP_efm32_debug.a(BSP_USB.o)
                0x00012fb0                RETARGET_ReadChar
 .text.USB_callBackMapping
                0x00012fd4       0x38 ./../Platform/BSP/debug/libBSP_efm32_debug.a(BSP_USB.o)
                0x00012fd4                USB_callBackMapping
 .text.NVIC_SetPriorityGrouping
                0x0001300c       0x50 ./../Platform/BSP/debug/libBSP_efm32_debug.a(BSP_Board.o)
 .text.NVIC_EnableIRQ
                0x0001305c       0x38 ./../Platform/BSP/debug/libBSP_efm32_debug.a(BSP_Board.o)
 .text.NVIC_DisableIRQ
                0x00013094       0x3c ./../Platform/BSP/debug/libBSP_efm32_debug.a(BSP_Board.o)
 .text.NVIC_ClearPendingIRQ
                0x000130d0       0x3c ./../Platform/BSP/debug/libBSP_efm32_debug.a(BSP_Board.o)
 .text.NVIC_SetPriority
                0x0001310c       0x5c ./../Platform/BSP/debug/libBSP_efm32_debug.a(BSP_Board.o)
 .text.SysTick_Config
                0x00013168       0x64 ./../Platform/BSP/debug/libBSP_efm32_debug.a(BSP_Board.o)
 .text.CHIP_Init
                0x000131cc       0x50 ./../Platform/BSP/debug/libBSP_efm32_debug.a(BSP_Board.o)
 .text.GPIO_PinOutClear
                0x0001321c       0x4c ./../Platform/BSP/debug/libBSP_efm32_debug.a(BSP_Board.o)
 .text.GPIO_PinOutSet
                0x00013268       0x4c ./../Platform/BSP/debug/libBSP_efm32_debug.a(BSP_Board.o)
 .text.INT_Disable
                0x000132b4       0x40 ./../Platform/BSP/debug/libBSP_efm32_debug.a(BSP_Board.o)
 .text.INT_Enable
                0x000132f4       0x54 ./../Platform/BSP/debug/libBSP_efm32_debug.a(BSP_Board.o)
 .text.BSP_Board_OSTickInitialize
                0x00013348       0x2c ./../Platform/BSP/debug/libBSP_efm32_debug.a(BSP_Board.o)
                0x00013348                BSP_Board_OSTickInitialize
 .text.BSP_Board_Initialize
                0x00013374      0x150 ./../Platform/BSP/debug/libBSP_efm32_debug.a(BSP_Board.o)
                0x00013374                BSP_Board_Initialize
 .text.BSP_Board_Delay
                0x000134c4       0x30 ./../Platform/BSP/debug/libBSP_efm32_debug.a(BSP_Board.o)
                0x000134c4                BSP_Board_Delay
 .text.BSP_Board_SetOStoBSPDelayFunc
                0x000134f4       0x20 ./../Platform/BSP/debug/libBSP_efm32_debug.a(BSP_Board.o)
                0x000134f4                BSP_Board_SetOStoBSPDelayFunc
 .text.Board_GPIOInterruptInit
                0x00013514       0x30 ./../Platform/BSP/debug/libBSP_efm32_debug.a(BSP_Board.o)
                0x00013514                Board_GPIOInterruptInit
 .text.Board_GPIOInterruptGetCallback
                0x00013544       0x24 ./../Platform/BSP/debug/libBSP_efm32_debug.a(BSP_Board.o)
                0x00013544                Board_GPIOInterruptGetCallback
 .text.Board_GPIOInterruptRegisterCallback
                0x00013568       0x38 ./../Platform/BSP/debug/libBSP_efm32_debug.a(BSP_Board.o)
                0x00013568                Board_GPIOInterruptRegisterCallback
 .text.Board_GPIOInterruptDispatch
                0x000135a0       0x64 ./../Platform/BSP/debug/libBSP_efm32_debug.a(BSP_Board.o)
                0x000135a0                Board_GPIOInterruptDispatch
 .text.Board_UART0_UART_Init
                0x00013604       0xcc ./../Platform/BSP/debug/libBSP_efm32_debug.a(BSP_Board.o)
                0x00013604                Board_UART0_UART_Init
 .text.Board_UART1_UART_Init
                0x000136d0       0xcc ./../Platform/BSP/debug/libBSP_efm32_debug.a(BSP_Board.o)
                0x000136d0                Board_UART1_UART_Init
 .text.Board_USART0_SPI_Init
                0x0001379c       0xa8 ./../Platform/BSP/debug/libBSP_efm32_debug.a(BSP_Board.o)
                0x0001379c                Board_USART0_SPI_Init
 .text.Board_USART1_SPI_Init
                0x00013844       0x8c ./../Platform/BSP/debug/libBSP_efm32_debug.a(BSP_Board.o)
                0x00013844                Board_USART1_SPI_Init
 .text.Board_GPIO_Init
                0x000138d0       0x6c ./../Platform/BSP/debug/libBSP_efm32_debug.a(BSP_Board.o)
                0x000138d0                Board_GPIO_Init
 .text.Board_WakeupPowerSupply2V5
                0x0001393c       0x50 ./../Platform/BSP/debug/libBSP_efm32_debug.a(BSP_Board.o)
                0x0001393c                Board_WakeupPowerSupply2V5
 .text.Board_SnoozePowerSupply2V5
                0x0001398c       0x4c ./../Platform/BSP/debug/libBSP_efm32_debug.a(BSP_Board.o)
                0x0001398c                Board_SnoozePowerSupply2V5
 .text.PowerSupply2V5UpdateRegister
                0x000139d8      0x268 ./../Platform/BSP/debug/libBSP_efm32_debug.a(BSP_Board.o)
                0x000139d8                PowerSupply2V5UpdateRegister
 .text.Board_ADC_Init
                0x00013c40       0x78 ./../Platform/BSP/debug/libBSP_efm32_debug.a(BSP_Board.o)
                0x00013c40                Board_ADC_Init
 .text.Board_I2C0_Init
                0x00013cb8       0x54 ./../Platform/BSP/debug/libBSP_efm32_debug.a(BSP_Board.o)
                0x00013cb8                Board_I2C0_Init
 .text.Board_I2C1_Init
                0x00013d0c       0x54 ./../Platform/BSP/debug/libBSP_efm32_debug.a(BSP_Board.o)
                0x00013d0c                Board_I2C1_Init
 .text.Board_USB_Init
                0x00013d60       0x70 ./../Platform/BSP/debug/libBSP_efm32_debug.a(BSP_Board.o)
                0x00013d60                Board_USB_Init
 .text.Board_IncTick
                0x00013dd0       0x24 ./../Platform/BSP/debug/libBSP_efm32_debug.a(BSP_Board.o)
                0x00013dd0                Board_IncTick
 .text.Board_GetTick
                0x00013df4       0x18 ./../Platform/BSP/debug/libBSP_efm32_debug.a(BSP_Board.o)
                0x00013df4                Board_GetTick
 .text.Board_Delay
                0x00013e0c       0x30 ./../Platform/BSP/debug/libBSP_efm32_debug.a(BSP_Board.o)
                0x00013e0c                Board_Delay
 .text.Board_RTC_Init
                0x00013e3c       0xa0 ./../Platform/BSP/debug/libBSP_efm32_debug.a(BSP_Board.o)
                0x00013e3c                Board_RTC_Init
 .text.Board_BURTC_Init
                0x00013edc       0x28 ./../Platform/BSP/debug/libBSP_efm32_debug.a(BSP_Board.o)
                0x00013edc                Board_BURTC_Init
 .text.BSP_Board_EnableSysTick
                0x00013f04       0x38 ./../Platform/BSP/debug/libBSP_efm32_debug.a(BSP_Board.o)
                0x00013f04                BSP_Board_EnableSysTick
 .text.NVIC_EnableIRQ
                0x00013f3c       0x38 ./../Platform/BSP/debug/libBSP_efm32_debug.a(BSP_DMA.o)
 .text.NVIC_ClearPendingIRQ
                0x00013f74       0x3c ./../Platform/BSP/debug/libBSP_efm32_debug.a(BSP_DMA.o)
 .text.NVIC_SetPriority
                0x00013fb0       0x5c ./../Platform/BSP/debug/libBSP_efm32_debug.a(BSP_DMA.o)
 .text.BSP_DMA_Initialize
                0x0001400c       0x88 ./../Platform/BSP/debug/libBSP_efm32_debug.a(BSP_DMA.o)
                0x0001400c                BSP_DMA_Initialize
 .text.BSP_DMA_Enable
                0x00014094       0x54 ./../Platform/BSP/debug/libBSP_efm32_debug.a(BSP_DMA.o)
                0x00014094                BSP_DMA_Enable
 .text.GPIO_IntClear
                0x000140e8       0x20 ./../Platform/BSP/debug/libBSP_efm32_debug.a(BSP_IrqHandler.o)
 .text.GPIO_IntGetEnabled
                0x00014108       0x30 ./../Platform/BSP/debug/libBSP_efm32_debug.a(BSP_IrqHandler.o)
 .text.SysTick_Handler
                0x00014138       0x40 ./../Platform/BSP/debug/libBSP_efm32_debug.a(BSP_IrqHandler.o)
                0x00014138                SysTick_Handler
 .text.GPIO_EVEN_IRQHandler
                0x00014178       0x28 ./../Platform/BSP/debug/libBSP_efm32_debug.a(BSP_IrqHandler.o)
                0x00014178                GPIO_EVEN_IRQHandler
 .text.GPIO_ODD_IRQHandler
                0x000141a0       0x28 ./../Platform/BSP/debug/libBSP_efm32_debug.a(BSP_IrqHandler.o)
                0x000141a0                GPIO_ODD_IRQHandler
 .text.UART0_TX_IRQHandler
                0x000141c8        0xc ./../Platform/BSP/debug/libBSP_efm32_debug.a(BSP_IrqHandler.o)
                0x000141c8                UART0_TX_IRQHandler
 .text.UART0_RX_IRQHandler
                0x000141d4        0xc ./../Platform/BSP/debug/libBSP_efm32_debug.a(BSP_IrqHandler.o)
                0x000141d4                UART0_RX_IRQHandler
 .text.USART0_TX_IRQHandler
                0x000141e0        0xc ./../Platform/BSP/debug/libBSP_efm32_debug.a(BSP_IrqHandler.o)
                0x000141e0                USART0_TX_IRQHandler
 .text.USART0_RX_IRQHandler
                0x000141ec        0xc ./../Platform/BSP/debug/libBSP_efm32_debug.a(BSP_IrqHandler.o)
                0x000141ec                USART0_RX_IRQHandler
 .text.I2C0_IRQHandler
                0x000141f8        0xc ./../Platform/BSP/debug/libBSP_efm32_debug.a(BSP_IrqHandler.o)
                0x000141f8                I2C0_IRQHandler
 .text.USART1_TX_IRQHandler
                0x00014204        0xc ./../Platform/BSP/debug/libBSP_efm32_debug.a(BSP_IrqHandler.o)
                0x00014204                USART1_TX_IRQHandler
 .text.USART1_RX_IRQHandler
                0x00014210        0xc ./../Platform/BSP/debug/libBSP_efm32_debug.a(BSP_IrqHandler.o)
                0x00014210                USART1_RX_IRQHandler
 .text.RTC_IRQHandler
                0x0001421c        0xc ./../Platform/BSP/debug/libBSP_efm32_debug.a(BSP_IrqHandler.o)
                0x0001421c                RTC_IRQHandler
 .text.IrqHandler_SysTickDummyHandler
                0x00014228       0x10 ./../Platform/BSP/debug/libBSP_efm32_debug.a(BSP_IrqHandler.o)
                0x00014228                IrqHandler_SysTickDummyHandler
 .text.NVIC_EnableIRQ
                0x00014238       0x38 ./../Platform/BSP/debug/libBSP_efm32_debug.a(BSP_WiFi_cc3100mod.o)
 .text.NVIC_DisableIRQ
                0x00014270       0x3c ./../Platform/BSP/debug/libBSP_efm32_debug.a(BSP_WiFi_cc3100mod.o)
 .text.NVIC_ClearPendingIRQ
                0x000142ac       0x3c ./../Platform/BSP/debug/libBSP_efm32_debug.a(BSP_WiFi_cc3100mod.o)
 .text.NVIC_SetPriority
                0x000142e8       0x5c ./../Platform/BSP/debug/libBSP_efm32_debug.a(BSP_WiFi_cc3100mod.o)
 .text.GPIO_IntClear
                0x00014344       0x20 ./../Platform/BSP/debug/libBSP_efm32_debug.a(BSP_WiFi_cc3100mod.o)
 .text.GPIO_IntDisable
                0x00014364       0x34 ./../Platform/BSP/debug/libBSP_efm32_debug.a(BSP_WiFi_cc3100mod.o)
 .text.GPIO_IntEnable
                0x00014398       0x30 ./../Platform/BSP/debug/libBSP_efm32_debug.a(BSP_WiFi_cc3100mod.o)
 .text.GPIO_PinOutClear
                0x000143c8       0x4c ./../Platform/BSP/debug/libBSP_efm32_debug.a(BSP_WiFi_cc3100mod.o)
 .text.GPIO_PinOutSet
                0x00014414       0x4c ./../Platform/BSP/debug/libBSP_efm32_debug.a(BSP_WiFi_cc3100mod.o)
 .text.Board_GPIOInterruptUnregisterCallback
                0x00014460       0x20 ./../Platform/BSP/debug/libBSP_efm32_debug.a(BSP_WiFi_cc3100mod.o)
 .text.BSP_WiFi_CC3100MOD_Connect
                0x00014480      0x1e8 ./../Platform/BSP/debug/libBSP_efm32_debug.a(BSP_WiFi_cc3100mod.o)
                0x00014480                BSP_WiFi_CC3100MOD_Connect
 .text.BSP_WiFi_CC3100MOD_Enable
                0x00014668      0x1a4 ./../Platform/BSP/debug/libBSP_efm32_debug.a(BSP_WiFi_cc3100mod.o)
                0x00014668                BSP_WiFi_CC3100MOD_Enable
 .text.BSP_WiFi_CC3100MOD_Disable
                0x0001480c       0xb0 ./../Platform/BSP/debug/libBSP_efm32_debug.a(BSP_WiFi_cc3100mod.o)
                0x0001480c                BSP_WiFi_CC3100MOD_Disable
 .text.BSP_WiFi_CC3100MOD_GetSPIHandle
                0x000148bc       0x14 ./../Platform/BSP/debug/libBSP_efm32_debug.a(BSP_WiFi_cc3100mod.o)
                0x000148bc                BSP_WiFi_CC3100MOD_GetSPIHandle
 .text.BSP_WiFi_CC3100MOD_SetCSLow
                0x000148d0       0x18 ./../Platform/BSP/debug/libBSP_efm32_debug.a(BSP_WiFi_cc3100mod.o)
                0x000148d0                BSP_WiFi_CC3100MOD_SetCSLow
 .text.BSP_WiFi_CC3100MOD_SetCSHigh
                0x000148e8       0x18 ./../Platform/BSP/debug/libBSP_efm32_debug.a(BSP_WiFi_cc3100mod.o)
                0x000148e8                BSP_WiFi_CC3100MOD_SetCSHigh
 .text.WiFi_CC3100MOD_SPIRxISR
                0x00014900       0x28 ./../Platform/BSP/debug/libBSP_efm32_debug.a(BSP_WiFi_cc3100mod.o)
                0x00014900                WiFi_CC3100MOD_SPIRxISR
 .text.WiFi_CC3100MOD_SPITxISR
                0x00014928       0x28 ./../Platform/BSP/debug/libBSP_efm32_debug.a(BSP_WiFi_cc3100mod.o)
                0x00014928                WiFi_CC3100MOD_SPITxISR
 .text.WiFi_CC3100MOD_SPI_RxDMAComplete
                0x00014950       0x38 ./../Platform/BSP/debug/libBSP_efm32_debug.a(BSP_WiFi_cc3100mod.o)
                0x00014950                WiFi_CC3100MOD_SPI_RxDMAComplete
 .text.WiFi_CC3100MOD_SPI_TxDMAComplete
                0x00014988       0x38 ./../Platform/BSP/debug/libBSP_efm32_debug.a(BSP_WiFi_cc3100mod.o)
                0x00014988                WiFi_CC3100MOD_SPI_TxDMAComplete
 .text.WiFi_INT_InterruptCallback
                0x000149c0       0x14 ./../Platform/BSP/debug/libBSP_efm32_debug.a(BSP_WiFi_cc3100mod.o)
 .text.BT_EM9301_UART_TxISR
                0x000149d4       0x28 ./../Platform/BSP/debug/libBSP_efm32_debug.a(BSP_BT_EM9301.o)
                0x000149d4                BT_EM9301_UART_TxISR
 .text.BT_EM9301_UART_RxISR
                0x000149fc       0x28 ./../Platform/BSP/debug/libBSP_efm32_debug.a(BSP_BT_EM9301.o)
                0x000149fc                BT_EM9301_UART_RxISR
 .text.NVIC_EnableIRQ
                0x00014a24       0x38 ./../Platform/BSP/debug/libBSP_efm32_debug.a(BSP_SensorNode.o)
 .text.NVIC_DisableIRQ
                0x00014a5c       0x3c ./../Platform/BSP/debug/libBSP_efm32_debug.a(BSP_SensorNode.o)
 .text.NVIC_SetPriority
                0x00014a98       0x5c ./../Platform/BSP/debug/libBSP_efm32_debug.a(BSP_SensorNode.o)
 .text.GPIO_PinInGet
                0x00014af4       0x4c ./../Platform/BSP/debug/libBSP_efm32_debug.a(BSP_SensorNode.o)
 .text.GPIO_PinOutSet
                0x00014b40       0x4c ./../Platform/BSP/debug/libBSP_efm32_debug.a(BSP_SensorNode.o)
 .text.BSP_SensorNode_Connect
                0x00014b8c      0x190 ./../Platform/BSP/debug/libBSP_efm32_debug.a(BSP_SensorNode.o)
                0x00014b8c                BSP_SensorNode_Connect
 .text.BSP_SensorNode_Enable
                0x00014d1c      0x408 ./../Platform/BSP/debug/libBSP_efm32_debug.a(BSP_SensorNode.o)
                0x00014d1c                BSP_SensorNode_Enable
 .text.BSP_SensorNode_GetI2CHandle
                0x00015124       0x34 ./../Platform/BSP/debug/libBSP_efm32_debug.a(BSP_SensorNode.o)
                0x00015124                BSP_SensorNode_GetI2CHandle
 .text.SensorNode_EnableBus
                0x00015158       0x6c ./../Platform/BSP/debug/libBSP_efm32_debug.a(BSP_SensorNode.o)
 .text.BMA280_INT_InterruptCallback
                0x000151c4       0x44 ./../Platform/BSP/debug/libBSP_efm32_debug.a(BSP_SensorNode.o)
 .text.BMA280_INT2_InterruptCallback
                0x00015208       0x44 ./../Platform/BSP/debug/libBSP_efm32_debug.a(BSP_SensorNode.o)
 .text.MAX44009_INTN_InterruptCallback
                0x0001524c       0x44 ./../Platform/BSP/debug/libBSP_efm32_debug.a(BSP_SensorNode.o)
 .text.SensorNode_I2CISR
                0x00015290       0x28 ./../Platform/BSP/debug/libBSP_efm32_debug.a(BSP_SensorNode.o)
                0x00015290                SensorNode_I2CISR
 .text.SDCard_SPIRxISR
                0x000152b8       0x28 ./../Platform/BSP/debug/libBSP_efm32_debug.a(BSP_SDCard.o)
                0x000152b8                SDCard_SPIRxISR
 .text.SDCard_SPITxISR
                0x000152e0       0x28 ./../Platform/BSP/debug/libBSP_efm32_debug.a(BSP_SDCard.o)
                0x000152e0                SDCard_SPITxISR
 .text.xTaskGenericCreate
                0x00015308      0x1d0 ./../Libraries/FreeRTOS/debug/libFreeRTOS_efm32_debug.a(tasks.o)
                0x00015308                xTaskGenericCreate
 .text.vTaskDelay
                0x000154d8       0xac ./../Libraries/FreeRTOS/debug/libFreeRTOS_efm32_debug.a(tasks.o)
                0x000154d8                vTaskDelay
 .text.vTaskStartScheduler
                0x00015584       0xa0 ./../Libraries/FreeRTOS/debug/libFreeRTOS_efm32_debug.a(tasks.o)
                0x00015584                vTaskStartScheduler
 .text.vTaskSuspendAll
                0x00015624       0x24 ./../Libraries/FreeRTOS/debug/libFreeRTOS_efm32_debug.a(tasks.o)
                0x00015624                vTaskSuspendAll
 .text.xTaskResumeAll
                0x00015648      0x180 ./../Libraries/FreeRTOS/debug/libFreeRTOS_efm32_debug.a(tasks.o)
                0x00015648                xTaskResumeAll
 .text.xTaskGetTickCount
                0x000157c8       0x20 ./../Libraries/FreeRTOS/debug/libFreeRTOS_efm32_debug.a(tasks.o)
                0x000157c8                xTaskGetTickCount
 .text.xTaskIncrementTick
                0x000157e8      0x20c ./../Libraries/FreeRTOS/debug/libFreeRTOS_efm32_debug.a(tasks.o)
                0x000157e8                xTaskIncrementTick
 .text.vTaskSwitchContext
                0x000159f4      0x150 ./../Libraries/FreeRTOS/debug/libFreeRTOS_efm32_debug.a(tasks.o)
                0x000159f4                vTaskSwitchContext
 .text.vTaskPlaceOnEventList
                0x00015b44       0xc4 ./../Libraries/FreeRTOS/debug/libFreeRTOS_efm32_debug.a(tasks.o)
                0x00015b44                vTaskPlaceOnEventList
 .text.vTaskPlaceOnEventListRestricted
                0x00015c08       0xc4 ./../Libraries/FreeRTOS/debug/libFreeRTOS_efm32_debug.a(tasks.o)
                0x00015c08                vTaskPlaceOnEventListRestricted
 .text.xTaskRemoveFromEventList
                0x00015ccc       0xe8 ./../Libraries/FreeRTOS/debug/libFreeRTOS_efm32_debug.a(tasks.o)
                0x00015ccc                xTaskRemoveFromEventList
 .text.vTaskSetTimeOutState
                0x00015db4       0x44 ./../Libraries/FreeRTOS/debug/libFreeRTOS_efm32_debug.a(tasks.o)
                0x00015db4                vTaskSetTimeOutState
 .text.xTaskCheckForTimeOut
                0x00015df8       0xc4 ./../Libraries/FreeRTOS/debug/libFreeRTOS_efm32_debug.a(tasks.o)
                0x00015df8                xTaskCheckForTimeOut
 .text.vTaskMissedYield
                0x00015ebc       0x18 ./../Libraries/FreeRTOS/debug/libFreeRTOS_efm32_debug.a(tasks.o)
                0x00015ebc                vTaskMissedYield
 .text.prvIdleTask
                0x00015ed4       0x10 ./../Libraries/FreeRTOS/debug/libFreeRTOS_efm32_debug.a(tasks.o)
 .text.prvInitialiseTCBVariables
                0x00015ee4       0xbc ./../Libraries/FreeRTOS/debug/libFreeRTOS_efm32_debug.a(tasks.o)
 .text.prvInitialiseTaskLists
                0x00015fa0       0xa4 ./../Libraries/FreeRTOS/debug/libFreeRTOS_efm32_debug.a(tasks.o)
 .text.prvCheckTasksWaitingTermination
                0x00016044       0x9c ./../Libraries/FreeRTOS/debug/libFreeRTOS_efm32_debug.a(tasks.o)
 .text.prvAddCurrentTaskToDelayedList
                0x000160e0       0x8c ./../Libraries/FreeRTOS/debug/libFreeRTOS_efm32_debug.a(tasks.o)
 .text.prvAllocateTCBAndStack
                0x0001616c       0x7c ./../Libraries/FreeRTOS/debug/libFreeRTOS_efm32_debug.a(tasks.o)
 .text.prvDeleteTCB
                0x000161e8       0x20 ./../Libraries/FreeRTOS/debug/libFreeRTOS_efm32_debug.a(tasks.o)
 .text.prvResetNextTaskUnblockTime
                0x00016208       0x5c ./../Libraries/FreeRTOS/debug/libFreeRTOS_efm32_debug.a(tasks.o)
 .text.xTaskGetCurrentTaskHandle
                0x00016264       0x20 ./../Libraries/FreeRTOS/debug/libFreeRTOS_efm32_debug.a(tasks.o)
                0x00016264                xTaskGetCurrentTaskHandle
 .text.xTaskGetSchedulerState
                0x00016284       0x48 ./../Libraries/FreeRTOS/debug/libFreeRTOS_efm32_debug.a(tasks.o)
                0x00016284                xTaskGetSchedulerState
 .text.vTaskPriorityInherit
                0x000162cc      0x144 ./../Libraries/FreeRTOS/debug/libFreeRTOS_efm32_debug.a(tasks.o)
                0x000162cc                vTaskPriorityInherit
 .text.xTaskPriorityDisinherit
                0x00016410      0x13c ./../Libraries/FreeRTOS/debug/libFreeRTOS_efm32_debug.a(tasks.o)
                0x00016410                xTaskPriorityDisinherit
 .text.pvTaskIncrementMutexHeldCount
                0x0001654c       0x38 ./../Libraries/FreeRTOS/debug/libFreeRTOS_efm32_debug.a(tasks.o)
                0x0001654c                pvTaskIncrementMutexHeldCount
 .text.xTimerCreateTimerTask
                0x00016584       0x78 ./../Libraries/FreeRTOS/debug/libFreeRTOS_efm32_debug.a(timers.o)
                0x00016584                xTimerCreateTimerTask
 .text.xTimerCreate
                0x000165fc       0x7c ./../Libraries/FreeRTOS/debug/libFreeRTOS_efm32_debug.a(timers.o)
                0x000165fc                xTimerCreate
 .text.xTimerGenericCommand
                0x00016678       0xac ./../Libraries/FreeRTOS/debug/libFreeRTOS_efm32_debug.a(timers.o)
                0x00016678                xTimerGenericCommand
 .text.prvProcessExpiredTimer
                0x00016724       0x88 ./../Libraries/FreeRTOS/debug/libFreeRTOS_efm32_debug.a(timers.o)
 .text.prvTimerTask
                0x000167ac       0x24 ./../Libraries/FreeRTOS/debug/libFreeRTOS_efm32_debug.a(timers.o)
 .text.prvProcessTimerOrBlockTask
                0x000167d0       0x78 ./../Libraries/FreeRTOS/debug/libFreeRTOS_efm32_debug.a(timers.o)
 .text.prvGetNextExpireTime
                0x00016848       0x54 ./../Libraries/FreeRTOS/debug/libFreeRTOS_efm32_debug.a(timers.o)
 .text.prvSampleTimeNow
                0x0001689c       0x4c ./../Libraries/FreeRTOS/debug/libFreeRTOS_efm32_debug.a(timers.o)
 .text.prvInsertTimerInActiveList
                0x000168e8       0x94 ./../Libraries/FreeRTOS/debug/libFreeRTOS_efm32_debug.a(timers.o)
 .text.prvProcessReceivedCommands
                0x0001697c      0x174 ./../Libraries/FreeRTOS/debug/libFreeRTOS_efm32_debug.a(timers.o)
 .text.prvSwitchTimerLists
                0x00016af0       0xf0 ./../Libraries/FreeRTOS/debug/libFreeRTOS_efm32_debug.a(timers.o)
 .text.prvCheckForValidListAndQueue
                0x00016be0       0xb8 ./../Libraries/FreeRTOS/debug/libFreeRTOS_efm32_debug.a(timers.o)
 .text.xTimerIsTimerActive
                0x00016c98       0x30 ./../Libraries/FreeRTOS/debug/libFreeRTOS_efm32_debug.a(timers.o)
                0x00016c98                xTimerIsTimerActive
 .text.pvTimerGetTimerID
                0x00016cc8       0x3c ./../Libraries/FreeRTOS/debug/libFreeRTOS_efm32_debug.a(timers.o)
                0x00016cc8                pvTimerGetTimerID
 .text.xTimerPendFunctionCallFromISR
                0x00016d04       0x4c ./../Libraries/FreeRTOS/debug/libFreeRTOS_efm32_debug.a(timers.o)
                0x00016d04                xTimerPendFunctionCallFromISR
 .text.pvPortMalloc
                0x00016d50      0x1e0 ./../Libraries/FreeRTOS/debug/libFreeRTOS_efm32_debug.a(heap_4.o)
                0x00016d50                pvPortMalloc
 .text.vPortFree
                0x00016f30       0xcc ./../Libraries/FreeRTOS/debug/libFreeRTOS_efm32_debug.a(heap_4.o)
                0x00016f30                vPortFree
 .text.prvHeapInit
                0x00016ffc       0xfc ./../Libraries/FreeRTOS/debug/libFreeRTOS_efm32_debug.a(heap_4.o)
 .text.prvInsertBlockIntoFreeList
                0x000170f8       0xbc ./../Libraries/FreeRTOS/debug/libFreeRTOS_efm32_debug.a(heap_4.o)
 .text.pxPortInitialiseStack
                0x000171b4       0x64 ./../Libraries/FreeRTOS/debug/libFreeRTOS_efm32_debug.a(port.o)
                0x000171b4                pxPortInitialiseStack
 .text.prvTaskExitError
                0x00017218       0x2c ./../Libraries/FreeRTOS/debug/libFreeRTOS_efm32_debug.a(port.o)
 .text.SVC_Handler
                0x00017244       0x24 ./../Libraries/FreeRTOS/debug/libFreeRTOS_efm32_debug.a(port.o)
                0x00017244                SVC_Handler
 .text.prvPortStartFirstTask
                0x00017268       0x20 ./../Libraries/FreeRTOS/debug/libFreeRTOS_efm32_debug.a(port.o)
 .text.xPortStartScheduler
                0x00017288      0x10c ./../Libraries/FreeRTOS/debug/libFreeRTOS_efm32_debug.a(port.o)
                0x00017288                xPortStartScheduler
 .text.vPortYield
                0x00017394       0x20 ./../Libraries/FreeRTOS/debug/libFreeRTOS_efm32_debug.a(port.o)
                0x00017394                vPortYield
 .text.vPortEnterCritical
                0x000173b4       0x58 ./../Libraries/FreeRTOS/debug/libFreeRTOS_efm32_debug.a(port.o)
                0x000173b4                vPortEnterCritical
 .text.vPortExitCritical
                0x0001740c       0x54 ./../Libraries/FreeRTOS/debug/libFreeRTOS_efm32_debug.a(port.o)
                0x0001740c                vPortExitCritical
 .text.ulPortSetInterruptMask
                0x00017460       0x14 ./../Libraries/FreeRTOS/debug/libFreeRTOS_efm32_debug.a(port.o)
                0x00017460                ulPortSetInterruptMask
 .text.vPortClearInterruptMask
                0x00017474        0x8 ./../Libraries/FreeRTOS/debug/libFreeRTOS_efm32_debug.a(port.o)
                0x00017474                vPortClearInterruptMask
 .text.PendSV_Handler
                0x0001747c       0x44 ./../Libraries/FreeRTOS/debug/libFreeRTOS_efm32_debug.a(port.o)
                0x0001747c                PendSV_Handler
 .text.xPortSysTickHandler
                0x000174c0       0x2c ./../Libraries/FreeRTOS/debug/libFreeRTOS_efm32_debug.a(port.o)
                0x000174c0                xPortSysTickHandler
 .text.vPortSetupTimerInterrupt
                0x000174ec       0x28 ./../Libraries/FreeRTOS/debug/libFreeRTOS_efm32_debug.a(port.o)
                0x000174ec                vPortSetupTimerInterrupt
 .text.vPortValidateInterruptPriority
                0x00017514       0x78 ./../Libraries/FreeRTOS/debug/libFreeRTOS_efm32_debug.a(port.o)
                0x00017514                vPortValidateInterruptPriority
 .text.vListInitialise
                0x0001758c       0x40 ./../Libraries/FreeRTOS/debug/libFreeRTOS_efm32_debug.a(list.o)
                0x0001758c                vListInitialise
 .text.vListInitialiseItem
                0x000175cc       0x1c ./../Libraries/FreeRTOS/debug/libFreeRTOS_efm32_debug.a(list.o)
                0x000175cc                vListInitialiseItem
 .text.vListInsertEnd
                0x000175e8       0x48 ./../Libraries/FreeRTOS/debug/libFreeRTOS_efm32_debug.a(list.o)
                0x000175e8                vListInsertEnd
 .text.vListInsert
                0x00017630       0x74 ./../Libraries/FreeRTOS/debug/libFreeRTOS_efm32_debug.a(list.o)
                0x00017630                vListInsert
 .text.uxListRemove
                0x000176a4       0x58 ./../Libraries/FreeRTOS/debug/libFreeRTOS_efm32_debug.a(list.o)
                0x000176a4                uxListRemove
 .text.xQueueGenericReset
                0x000176fc       0xc8 ./../Libraries/FreeRTOS/debug/libFreeRTOS_efm32_debug.a(queue.o)
                0x000176fc                xQueueGenericReset
 .text.xQueueGenericCreate
                0x000177c4       0xb8 ./../Libraries/FreeRTOS/debug/libFreeRTOS_efm32_debug.a(queue.o)
                0x000177c4                xQueueGenericCreate
 .text.xQueueCreateMutex
                0x0001787c       0xb8 ./../Libraries/FreeRTOS/debug/libFreeRTOS_efm32_debug.a(queue.o)
                0x0001787c                xQueueCreateMutex
 .text.xQueueGenericSend
                0x00017934      0x1c8 ./../Libraries/FreeRTOS/debug/libFreeRTOS_efm32_debug.a(queue.o)
                0x00017934                xQueueGenericSend
 .text.xQueueGenericSendFromISR
                0x00017afc      0x110 ./../Libraries/FreeRTOS/debug/libFreeRTOS_efm32_debug.a(queue.o)
                0x00017afc                xQueueGenericSendFromISR
 .text.xQueueGiveFromISR
                0x00017c0c      0x108 ./../Libraries/FreeRTOS/debug/libFreeRTOS_efm32_debug.a(queue.o)
                0x00017c0c                xQueueGiveFromISR
 .text.xQueueGenericReceive
                0x00017d14      0x1e0 ./../Libraries/FreeRTOS/debug/libFreeRTOS_efm32_debug.a(queue.o)
                0x00017d14                xQueueGenericReceive
 .text.vQueueDelete
                0x00017ef4       0x38 ./../Libraries/FreeRTOS/debug/libFreeRTOS_efm32_debug.a(queue.o)
                0x00017ef4                vQueueDelete
 .text.prvCopyDataToQueue
                0x00017f2c       0xe8 ./../Libraries/FreeRTOS/debug/libFreeRTOS_efm32_debug.a(queue.o)
 .text.prvCopyDataFromQueue
                0x00018014       0x50 ./../Libraries/FreeRTOS/debug/libFreeRTOS_efm32_debug.a(queue.o)
 .text.prvUnlockQueue
                0x00018064       0xc0 ./../Libraries/FreeRTOS/debug/libFreeRTOS_efm32_debug.a(queue.o)
 .text.prvIsQueueEmpty
                0x00018124       0x34 ./../Libraries/FreeRTOS/debug/libFreeRTOS_efm32_debug.a(queue.o)
 .text.prvIsQueueFull
                0x00018158       0x38 ./../Libraries/FreeRTOS/debug/libFreeRTOS_efm32_debug.a(queue.o)
 .text.vQueueAddToRegistry
                0x00018190       0x64 ./../Libraries/FreeRTOS/debug/libFreeRTOS_efm32_debug.a(queue.o)
                0x00018190                vQueueAddToRegistry
 .text.vQueueUnregisterQueue
                0x000181f4       0x54 ./../Libraries/FreeRTOS/debug/libFreeRTOS_efm32_debug.a(queue.o)
                0x000181f4                vQueueUnregisterQueue
 .text.vQueueWaitForMessageRestricted
                0x00018248       0x64 ./../Libraries/FreeRTOS/debug/libFreeRTOS_efm32_debug.a(queue.o)
                0x00018248                vQueueWaitForMessageRestricted
 .text.prvNotifyQueueSetContainer
                0x000182ac       0xa8 ./../Libraries/FreeRTOS/debug/libFreeRTOS_efm32_debug.a(queue.o)
 .text.ADC_Init
                0x00018354       0x68 ./../Libraries/EMlib/debug/libEMLib_efm32_debug.a(em_adc.o)
                0x00018354                ADC_Init
 .text.ADC_PrescaleCalc
                0x000183bc       0x78 ./../Libraries/EMlib/debug/libEMLib_efm32_debug.a(em_adc.o)
                0x000183bc                ADC_PrescaleCalc
 .text.ADC_TimebaseCalc
                0x00018434       0x74 ./../Libraries/EMlib/debug/libEMLib_efm32_debug.a(em_adc.o)
                0x00018434                ADC_TimebaseCalc
 .text.BITBAND_Peripheral
                0x000184a8       0x30 ./../Libraries/EMlib/debug/libEMLib_efm32_debug.a(em_cmu.o)
 .text.CMU_MaxFreqHfle
                0x000184d8       0xb8 ./../Libraries/EMlib/debug/libEMLib_efm32_debug.a(em_cmu.o)
 .text.CMU_FlashWaitStateMax
                0x00018590       0x68 ./../Libraries/EMlib/debug/libEMLib_efm32_debug.a(em_cmu.o)
 .text.CMU_DivToLog2
                0x000185f8       0x38 ./../Libraries/EMlib/debug/libEMLib_efm32_debug.a(em_cmu.o)
 .text.CMU_FlashWaitStateControl
                0x00018630       0xf4 ./../Libraries/EMlib/debug/libEMLib_efm32_debug.a(em_cmu.o)
 .text.CMU_USBCClkGet
                0x00018724       0x50 ./../Libraries/EMlib/debug/libEMLib_efm32_debug.a(em_cmu.o)
 .text.CMU_AUXClkGet
                0x00018774       0x9c ./../Libraries/EMlib/debug/libEMLib_efm32_debug.a(em_cmu.o)
 .text.CMU_DBGClkGet
                0x00018810       0x64 ./../Libraries/EMlib/debug/libEMLib_efm32_debug.a(em_cmu.o)
 .text.CMU_LFClkGet
                0x00018874       0xd4 ./../Libraries/EMlib/debug/libEMLib_efm32_debug.a(em_cmu.o)
 .text.CMU_Sync
                0x00018948       0x3c ./../Libraries/EMlib/debug/libEMLib_efm32_debug.a(em_cmu.o)
 .text.CMU_ClockDivSet
                0x00018984      0x298 ./../Libraries/EMlib/debug/libEMLib_efm32_debug.a(em_cmu.o)
                0x00018984                CMU_ClockDivSet
 .text.CMU_ClockEnable
                0x00018c1c      0x10c ./../Libraries/EMlib/debug/libEMLib_efm32_debug.a(em_cmu.o)
                0x00018c1c                CMU_ClockEnable
 .text.CMU_ClockFreqGet
                0x00018d28      0x1e8 ./../Libraries/EMlib/debug/libEMLib_efm32_debug.a(em_cmu.o)
                0x00018d28                CMU_ClockFreqGet
 .text.CMU_ClockSelectGet
                0x00018f10      0x1a4 ./../Libraries/EMlib/debug/libEMLib_efm32_debug.a(em_cmu.o)
                0x00018f10                CMU_ClockSelectGet
 .text.CMU_ClockSelectSet
                0x000190b4      0x38c ./../Libraries/EMlib/debug/libEMLib_efm32_debug.a(em_cmu.o)
                0x000190b4                CMU_ClockSelectSet
 .text.CMU_OscillatorEnable
                0x00019440       0xe8 ./../Libraries/EMlib/debug/libEMLib_efm32_debug.a(em_cmu.o)
                0x00019440                CMU_OscillatorEnable
 .text.MSC_Init
                0x00019528      0x108 ./../Libraries/EMlib/debug/libEMLib_efm32_debug.a(em_msc.o)
                0x00019528                MSC_Init
 .text.MSC_Deinit
                0x00019630       0x30 ./../Libraries/EMlib/debug/libEMLib_efm32_debug.a(em_msc.o)
                0x00019630                MSC_Deinit
 .text.NVIC_DisableIRQ
                0x00019660       0x3c ./../Libraries/EMlib/debug/libEMLib_efm32_debug.a(em_dma.o)
 .text.BITBAND_Peripheral
                0x0001969c       0x30 ./../Libraries/EMlib/debug/libEMLib_efm32_debug.a(em_dma.o)
 .text.DMA_Prepare
                0x000196cc      0x138 ./../Libraries/EMlib/debug/libEMLib_efm32_debug.a(em_dma.o)
 .text.DMA_IRQHandler
                0x00019804      0x110 ./../Libraries/EMlib/debug/libEMLib_efm32_debug.a(em_dma.o)
                0x00019804                DMA_IRQHandler
 .text.DMA_ActivateBasic
                0x00019914       0x48 ./../Libraries/EMlib/debug/libEMLib_efm32_debug.a(em_dma.o)
                0x00019914                DMA_ActivateBasic
 .text.DMA_CfgChannel
                0x0001995c       0xc0 ./../Libraries/EMlib/debug/libEMLib_efm32_debug.a(em_dma.o)
                0x0001995c                DMA_CfgChannel
 .text.DMA_CfgDescr
                0x00019a1c       0x84 ./../Libraries/EMlib/debug/libEMLib_efm32_debug.a(em_dma.o)
                0x00019a1c                DMA_CfgDescr
 .text.DMA_Reset
                0x00019aa0       0xd4 ./../Libraries/EMlib/debug/libEMLib_efm32_debug.a(em_dma.o)
                0x00019aa0                DMA_Reset
 .text.EMU_UpdateOscConfig
                0x00019b74       0x20 ./../Libraries/EMlib/debug/libEMLib_efm32_debug.a(em_emu.o)
                0x00019b74                EMU_UpdateOscConfig
 .text.BITBAND_Peripheral
                0x00019b94       0x30 ./../Libraries/EMlib/debug/libEMLib_efm32_debug.a(em_gpio.o)
 .text.GPIO_DriveModeSet
                0x00019bc4       0x60 ./../Libraries/EMlib/debug/libEMLib_efm32_debug.a(em_gpio.o)
                0x00019bc4                GPIO_DriveModeSet
 .text.GPIO_IntConfig
                0x00019c24       0xf4 ./../Libraries/EMlib/debug/libEMLib_efm32_debug.a(em_gpio.o)
                0x00019c24                GPIO_IntConfig
 .text.GPIO_PinModeSet
                0x00019d18      0x1b8 ./../Libraries/EMlib/debug/libEMLib_efm32_debug.a(em_gpio.o)
                0x00019d18                GPIO_PinModeSet
 .text.BITBAND_Peripheral
                0x00019ed0       0x30 ./../Libraries/EMlib/debug/libEMLib_efm32_debug.a(em_i2c.o)
 .text.I2C_BusFreqSet
                0x00019f00       0x94 ./../Libraries/EMlib/debug/libEMLib_efm32_debug.a(em_i2c.o)
                0x00019f00                I2C_BusFreqSet
 .text.I2C_Enable
                0x00019f94       0x40 ./../Libraries/EMlib/debug/libEMLib_efm32_debug.a(em_i2c.o)
                0x00019f94                I2C_Enable
 .text.I2C_Init
                0x00019fd4       0x84 ./../Libraries/EMlib/debug/libEMLib_efm32_debug.a(em_i2c.o)
                0x00019fd4                I2C_Init
 .text.I2C_Transfer
                0x0001a058      0x4ec ./../Libraries/EMlib/debug/libEMLib_efm32_debug.a(em_i2c.o)
                0x0001a058                I2C_Transfer
 .text.I2C_TransferInit
                0x0001a544      0x104 ./../Libraries/EMlib/debug/libEMLib_efm32_debug.a(em_i2c.o)
                0x0001a544                I2C_TransferInit
 .text.USART_BaudrateAsyncSet
                0x0001a648       0xd0 ./../Libraries/EMlib/debug/libEMLib_efm32_debug.a(em_usart.o)
                0x0001a648                USART_BaudrateAsyncSet
 .text.USART_BaudrateSyncSet
                0x0001a718       0x7c ./../Libraries/EMlib/debug/libEMLib_efm32_debug.a(em_usart.o)
                0x0001a718                USART_BaudrateSyncSet
 .text.USART_InitAsync
                0x0001a794       0xbc ./../Libraries/EMlib/debug/libEMLib_efm32_debug.a(em_usart.o)
                0x0001a794                USART_InitAsync
 .text.USART_Reset
                0x0001a850       0xd8 ./../Libraries/EMlib/debug/libEMLib_efm32_debug.a(em_usart.o)
                0x0001a850                USART_Reset
 .text.SYSTEM_ChipRevisionGet
                0x0001a928       0x94 ./../Libraries/EMlib/debug/libEMLib_efm32_debug.a(em_system.o)
                0x0001a928                SYSTEM_ChipRevisionGet
 .text.NVIC_EnableIRQ
                0x0001a9bc       0x38 ./../Libraries/EMlib/debug/libEMLib_efm32_debug.a(em_usbd.o)
 .text.NVIC_ClearPendingIRQ
                0x0001a9f4       0x3c ./../Libraries/EMlib/debug/libEMLib_efm32_debug.a(em_usbd.o)
 .text.INT_Disable
                0x0001aa30       0x40 ./../Libraries/EMlib/debug/libEMLib_efm32_debug.a(em_usbd.o)
 .text.INT_Enable
                0x0001aa70       0x54 ./../Libraries/EMlib/debug/libEMLib_efm32_debug.a(em_usbd.o)
 .text.USBHAL_DisableGlobalInt
                0x0001aac4       0x34 ./../Libraries/EMlib/debug/libEMLib_efm32_debug.a(em_usbd.o)
 .text.USBHAL_EnableGlobalInt
                0x0001aaf8       0x34 ./../Libraries/EMlib/debug/libEMLib_efm32_debug.a(em_usbd.o)
 .text.USBDHAL_EnableUsbResetAndSuspendInt
                0x0001ab2c       0x38 ./../Libraries/EMlib/debug/libEMLib_efm32_debug.a(em_usbd.o)
 .text.USBDHAL_EpIsStalled
                0x0001ab64       0x3c ./../Libraries/EMlib/debug/libEMLib_efm32_debug.a(em_usbd.o)
 .text.USBDHAL_GetStallStatusEp
                0x0001aba0       0xc0 ./../Libraries/EMlib/debug/libEMLib_efm32_debug.a(em_usbd.o)
 .text.USBDHAL_SetEp0InDmaPtr
                0x0001ac60       0x28 ./../Libraries/EMlib/debug/libEMLib_efm32_debug.a(em_usbd.o)
 .text.USBDHAL_SetEp0OutDmaPtr
                0x0001ac88       0x28 ./../Libraries/EMlib/debug/libEMLib_efm32_debug.a(em_usbd.o)
 .text.USBDHAL_StartEp0In
                0x0001acb0       0x5c ./../Libraries/EMlib/debug/libEMLib_efm32_debug.a(em_usbd.o)
 .text.USBDHAL_StartEp0Out
                0x0001ad0c       0x5c ./../Libraries/EMlib/debug/libEMLib_efm32_debug.a(em_usbd.o)
 .text.USBDHAL_StartEpIn
                0x0001ad68       0xc8 ./../Libraries/EMlib/debug/libEMLib_efm32_debug.a(em_usbd.o)
 .text.USBDHAL_StartEpOut
                0x0001ae30       0xd4 ./../Libraries/EMlib/debug/libEMLib_efm32_debug.a(em_usbd.o)
 .text.USBD_ArmEp
                0x0001af04       0x28 ./../Libraries/EMlib/debug/libEMLib_efm32_debug.a(em_usbd.o)
 .text.USBD_ArmEp0
                0x0001af2c       0x88 ./../Libraries/EMlib/debug/libEMLib_efm32_debug.a(em_usbd.o)
 .text.USBD_ArmEpN
                0x0001afb4       0x28 ./../Libraries/EMlib/debug/libEMLib_efm32_debug.a(em_usbd.o)
 .text.USBD_GetEpFromAddr
                0x0001afdc       0xa0 ./../Libraries/EMlib/debug/libEMLib_efm32_debug.a(em_usbd.o)
 .text.USBD_Disconnect
                0x0001b07c       0x14 ./../Libraries/EMlib/debug/libEMLib_efm32_debug.a(em_usbd.o)
                0x0001b07c                USBD_Disconnect
 .text.USBD_GetUsbState
                0x0001b090       0x1c ./../Libraries/EMlib/debug/libEMLib_efm32_debug.a(em_usbd.o)
                0x0001b090                USBD_GetUsbState
 .text.USBD_Init
                0x0001b0ac      0x4fc ./../Libraries/EMlib/debug/libEMLib_efm32_debug.a(em_usbd.o)
                0x0001b0ac                USBD_Init
 .text.USBD_Read
                0x0001b5a8      0x108 ./../Libraries/EMlib/debug/libEMLib_efm32_debug.a(em_usbd.o)
                0x0001b5a8                USBD_Read
 .text.USBD_SetUsbState
                0x0001b6b0       0x98 ./../Libraries/EMlib/debug/libEMLib_efm32_debug.a(em_usbd.o)
                0x0001b6b0                USBD_SetUsbState
 .text.USBD_Write
                0x0001b748      0x10c ./../Libraries/EMlib/debug/libEMLib_efm32_debug.a(em_usbd.o)
                0x0001b748                USBD_Write
 .text.NVIC_ClearPendingIRQ
                0x0001b854       0x3c ./../Libraries/EMlib/debug/libEMLib_efm32_debug.a(em_usbhal.o)
 .text.INT_Disable
                0x0001b890       0x40 ./../Libraries/EMlib/debug/libEMLib_efm32_debug.a(em_usbhal.o)
 .text.INT_Enable
                0x0001b8d0       0x54 ./../Libraries/EMlib/debug/libEMLib_efm32_debug.a(em_usbhal.o)
 .text.USBHAL_FlushRxFifo
                0x0001b924       0x3c ./../Libraries/EMlib/debug/libEMLib_efm32_debug.a(em_usbhal.o)
 .text.USBHAL_FlushTxFifo
                0x0001b960       0x4c ./../Libraries/EMlib/debug/libEMLib_efm32_debug.a(em_usbhal.o)
 .text.USBDHAL_DeactivateEp
                0x0001b9ac       0x88 ./../Libraries/EMlib/debug/libEMLib_efm32_debug.a(em_usbhal.o)
 .text.USBDHAL_GetInEpInts
                0x0001ba34       0x44 ./../Libraries/EMlib/debug/libEMLib_efm32_debug.a(em_usbhal.o)
 .text.USBDHAL_GetOutEpInts
                0x0001ba78       0x44 ./../Libraries/EMlib/debug/libEMLib_efm32_debug.a(em_usbhal.o)
 .text.USBDHAL_SetEPDISNAK
                0x0001babc       0xac ./../Libraries/EMlib/debug/libEMLib_efm32_debug.a(em_usbhal.o)
 .text.USBD_GetEpFromAddr
                0x0001bb68       0xa0 ./../Libraries/EMlib/debug/libEMLib_efm32_debug.a(em_usbhal.o)
 .text.USBHAL_CoreReset
                0x0001bc08       0xbc ./../Libraries/EMlib/debug/libEMLib_efm32_debug.a(em_usbhal.o)
                0x0001bc08                USBHAL_CoreReset
 .text.USBDHAL_CoreInit
                0x0001bcc4      0x3ec ./../Libraries/EMlib/debug/libEMLib_efm32_debug.a(em_usbhal.o)
                0x0001bcc4                USBDHAL_CoreInit
 .text.USBDHAL_Disconnect
                0x0001c0b0       0x3c ./../Libraries/EMlib/debug/libEMLib_efm32_debug.a(em_usbhal.o)
                0x0001c0b0                USBDHAL_Disconnect
 .text.USBDHAL_AbortAllEps
                0x0001c0ec      0x53c ./../Libraries/EMlib/debug/libEMLib_efm32_debug.a(em_usbhal.o)
                0x0001c0ec                USBDHAL_AbortAllEps
 .text.USBDHAL_AbortAllTransfers
                0x0001c628       0xc8 ./../Libraries/EMlib/debug/libEMLib_efm32_debug.a(em_usbhal.o)
                0x0001c628                USBDHAL_AbortAllTransfers
 .text.USBDHAL_ReenableEp0Setup
                0x0001c6f0       0x60 ./../Libraries/EMlib/debug/libEMLib_efm32_debug.a(em_usbdep.o)
 .text.USBDHAL_StallEp
                0x0001c750       0xcc ./../Libraries/EMlib/debug/libEMLib_efm32_debug.a(em_usbdep.o)
 .text.USBDHAL_StartEp0In
                0x0001c81c       0x5c ./../Libraries/EMlib/debug/libEMLib_efm32_debug.a(em_usbdep.o)
 .text.USBDHAL_StartEp0Out
                0x0001c878       0x5c ./../Libraries/EMlib/debug/libEMLib_efm32_debug.a(em_usbdep.o)
 .text.USBD_GetEpFromAddr
                0x0001c8d4       0xa0 ./../Libraries/EMlib/debug/libEMLib_efm32_debug.a(em_usbdep.o)
 .text.USBD_ReArmEp0
                0x0001c974       0x64 ./../Libraries/EMlib/debug/libEMLib_efm32_debug.a(em_usbdep.o)
 .text.USBDEP_Ep0Handler
                0x0001c9d8      0x300 ./../Libraries/EMlib/debug/libEMLib_efm32_debug.a(em_usbdep.o)
                0x0001c9d8                USBDEP_Ep0Handler
 .text.USBDEP_EpHandler
                0x0001ccd8       0x60 ./../Libraries/EMlib/debug/libEMLib_efm32_debug.a(em_usbdep.o)
                0x0001ccd8                USBDEP_EpHandler
 .text.TIMER_CounterGet
                0x0001cd38       0x18 ./../Libraries/EMlib/debug/libEMLib_efm32_debug.a(em_usbtimer.o)
 .text.TIMER_TopSet
                0x0001cd50       0x1c ./../Libraries/EMlib/debug/libEMLib_efm32_debug.a(em_usbtimer.o)
 .text.DelayTicks
                0x0001cd6c       0x4c ./../Libraries/EMlib/debug/libEMLib_efm32_debug.a(em_usbtimer.o)
 .text.USBTIMER_DelayMs
                0x0001cdb8       0x84 ./../Libraries/EMlib/debug/libEMLib_efm32_debug.a(em_usbtimer.o)
                0x0001cdb8                USBTIMER_DelayMs
 .text.USBTIMER_DelayUs
                0x0001ce3c      0x124 ./../Libraries/EMlib/debug/libEMLib_efm32_debug.a(em_usbtimer.o)
                0x0001ce3c                USBTIMER_DelayUs
 .text.USBTIMER_Init
                0x0001cf60      0x188 ./../Libraries/EMlib/debug/libEMLib_efm32_debug.a(em_usbtimer.o)
                0x0001cf60                USBTIMER_Init
 .text.GetProdRev
                0x0001d0e8       0x1c ./../Libraries/EMlib/debug/libEMLib_efm32_debug.a(system_efm32gg.o)
 .text.SystemCoreClockGet
                0x0001d104       0x58 ./../Libraries/EMlib/debug/libEMLib_efm32_debug.a(system_efm32gg.o)
                0x0001d104                SystemCoreClockGet
 .text.SystemHFClockGet
                0x0001d15c      0x110 ./../Libraries/EMlib/debug/libEMLib_efm32_debug.a(system_efm32gg.o)
                0x0001d15c                SystemHFClockGet
 .text.SystemHFXOClockGet
                0x0001d26c       0x18 ./../Libraries/EMlib/debug/libEMLib_efm32_debug.a(system_efm32gg.o)
                0x0001d26c                SystemHFXOClockGet
 .text.SystemInit
                0x0001d284        0xc ./../Libraries/EMlib/debug/libEMLib_efm32_debug.a(system_efm32gg.o)
                0x0001d284                SystemInit
 .text.SystemLFRCOClockGet
                0x0001d290       0x10 ./../Libraries/EMlib/debug/libEMLib_efm32_debug.a(system_efm32gg.o)
                0x0001d290                SystemLFRCOClockGet
 .text.SystemULFRCOClockGet
                0x0001d2a0       0x10 ./../Libraries/EMlib/debug/libEMLib_efm32_debug.a(system_efm32gg.o)
                0x0001d2a0                SystemULFRCOClockGet
 .text.SystemLFXOClockGet
                0x0001d2b0       0x18 ./../Libraries/EMlib/debug/libEMLib_efm32_debug.a(system_efm32gg.o)
                0x0001d2b0                SystemLFXOClockGet
 .text.TIMER_Init
                0x0001d2c8      0x134 ./../Libraries/EMlib/debug/libEMLib_efm32_debug.a(em_timer.o)
                0x0001d2c8                TIMER_Init
 .text.TIMER_InitCC
                0x0001d3fc       0xec ./../Libraries/EMlib/debug/libEMLib_efm32_debug.a(em_timer.o)
                0x0001d3fc                TIMER_InitCC
 .text.USBDHAL_ActivateEp
                0x0001d4e8      0x148 ./../Libraries/EMlib/debug/libEMLib_efm32_debug.a(em_usbdch9.o)
 .text.USBDHAL_DeactivateEp
                0x0001d630       0x88 ./../Libraries/EMlib/debug/libEMLib_efm32_debug.a(em_usbdch9.o)
 .text.USBDHAL_GetStallStatusEp
                0x0001d6b8       0xc0 ./../Libraries/EMlib/debug/libEMLib_efm32_debug.a(em_usbdch9.o)
 .text.USBDHAL_SetAddr
                0x0001d778       0x3c ./../Libraries/EMlib/debug/libEMLib_efm32_debug.a(em_usbdch9.o)
 .text.USBDHAL_StallEp
                0x0001d7b4       0xcc ./../Libraries/EMlib/debug/libEMLib_efm32_debug.a(em_usbdch9.o)
 .text.USBDHAL_UnStallEp
                0x0001d880       0xe4 ./../Libraries/EMlib/debug/libEMLib_efm32_debug.a(em_usbdch9.o)
 .text.USBD_ActivateAllEps
                0x0001d964       0x54 ./../Libraries/EMlib/debug/libEMLib_efm32_debug.a(em_usbdch9.o)
 .text.USBD_DeactivateAllEps
                0x0001d9b8       0x68 ./../Libraries/EMlib/debug/libEMLib_efm32_debug.a(em_usbdch9.o)
 .text.USBD_GetEpFromAddr
                0x0001da20       0xa0 ./../Libraries/EMlib/debug/libEMLib_efm32_debug.a(em_usbdch9.o)
 .text.USBDCH9_SetupCmd
                0x0001dac0       0xec ./../Libraries/EMlib/debug/libEMLib_efm32_debug.a(em_usbdch9.o)
                0x0001dac0                USBDCH9_SetupCmd
 .text.ClearFeature
                0x0001dbac       0xcc ./../Libraries/EMlib/debug/libEMLib_efm32_debug.a(em_usbdch9.o)
 .text.GetConfiguration
                0x0001dc78       0xb8 ./../Libraries/EMlib/debug/libEMLib_efm32_debug.a(em_usbdch9.o)
 .text.GetDescriptor
                0x0001dd30      0x10c ./../Libraries/EMlib/debug/libEMLib_efm32_debug.a(em_usbdch9.o)
 .text.GetInterface
                0x0001de3c       0x94 ./../Libraries/EMlib/debug/libEMLib_efm32_debug.a(em_usbdch9.o)
 .text.GetStatus
                0x0001ded0      0x1b4 ./../Libraries/EMlib/debug/libEMLib_efm32_debug.a(em_usbdch9.o)
 .text.SetAddress
                0x0001e084       0xb4 ./../Libraries/EMlib/debug/libEMLib_efm32_debug.a(em_usbdch9.o)
 .text.SetConfiguration
                0x0001e138      0x10c ./../Libraries/EMlib/debug/libEMLib_efm32_debug.a(em_usbdch9.o)
 .text.SetFeature
                0x0001e244      0x100 ./../Libraries/EMlib/debug/libEMLib_efm32_debug.a(em_usbdch9.o)
 .text.SetInterface
                0x0001e344       0x68 ./../Libraries/EMlib/debug/libEMLib_efm32_debug.a(em_usbdch9.o)
 .text.bme280_init
                0x0001e3ac       0xcc ./../Libraries/BSTLib/debug/libBSTLib_efm32_debug.a(bme280.o)
                0x0001e3ac                bme280_init
 .text.bme280_read_uncomp_temperature
                0x0001e478       0x90 ./../Libraries/BSTLib/debug/libBSTLib_efm32_debug.a(bme280.o)
                0x0001e478                bme280_read_uncomp_temperature
 .text.bme280_compensate_temperature_int32
                0x0001e508       0xd0 ./../Libraries/BSTLib/debug/libBSTLib_efm32_debug.a(bme280.o)
                0x0001e508                bme280_compensate_temperature_int32
 .text.bme280_read_uncomp_pressure
                0x0001e5d8       0x90 ./../Libraries/BSTLib/debug/libBSTLib_efm32_debug.a(bme280.o)
                0x0001e5d8                bme280_read_uncomp_pressure
 .text.bme280_compensate_pressure_int32
                0x0001e668      0x1d4 ./../Libraries/BSTLib/debug/libBSTLib_efm32_debug.a(bme280.o)
                0x0001e668                bme280_compensate_pressure_int32
 .text.bme280_read_uncomp_humidity
                0x0001e83c       0x7c ./../Libraries/BSTLib/debug/libBSTLib_efm32_debug.a(bme280.o)
                0x0001e83c                bme280_read_uncomp_humidity
 .text.bme280_compensate_humidity_int32
                0x0001e8b8      0x110 ./../Libraries/BSTLib/debug/libBSTLib_efm32_debug.a(bme280.o)
                0x0001e8b8                bme280_compensate_humidity_int32
 .text.bme280_read_uncomp_pressure_temperature_humidity
                0x0001e9c8       0xe0 ./../Libraries/BSTLib/debug/libBSTLib_efm32_debug.a(bme280.o)
                0x0001e9c8                bme280_read_uncomp_pressure_temperature_humidity
 .text.bme280_read_pressure_temperature_humidity
                0x0001eaa8       0x8c ./../Libraries/BSTLib/debug/libBSTLib_efm32_debug.a(bme280.o)
                0x0001eaa8                bme280_read_pressure_temperature_humidity
 .text.bme280_get_calib_param
                0x0001eb34      0x2d8 ./../Libraries/BSTLib/debug/libBSTLib_efm32_debug.a(bme280.o)
                0x0001eb34                bme280_get_calib_param
 .text.bme280_set_oversamp_temperature
                0x0001ee0c      0x1e8 ./../Libraries/BSTLib/debug/libBSTLib_efm32_debug.a(bme280.o)
                0x0001ee0c                bme280_set_oversamp_temperature
 .text.bme280_set_oversamp_pressure
                0x0001eff4      0x1dc ./../Libraries/BSTLib/debug/libBSTLib_efm32_debug.a(bme280.o)
                0x0001eff4                bme280_set_oversamp_pressure
 .text.bme280_set_oversamp_humidity
                0x0001f1d0      0x228 ./../Libraries/BSTLib/debug/libBSTLib_efm32_debug.a(bme280.o)
                0x0001f1d0                bme280_set_oversamp_humidity
 .text.bme280_get_power_mode
                0x0001f3f8       0x74 ./../Libraries/BSTLib/debug/libBSTLib_efm32_debug.a(bme280.o)
                0x0001f3f8                bme280_get_power_mode
 .text.bme280_set_power_mode
                0x0001f46c      0x1e8 ./../Libraries/BSTLib/debug/libBSTLib_efm32_debug.a(bme280.o)
                0x0001f46c                bme280_set_power_mode
 .text.bme280_set_soft_rst
                0x0001f654       0x64 ./../Libraries/BSTLib/debug/libBSTLib_efm32_debug.a(bme280.o)
                0x0001f654                bme280_set_soft_rst
 .text.bme280_set_standby_durn
                0x0001f6b8      0x1e0 ./../Libraries/BSTLib/debug/libBSTLib_efm32_debug.a(bme280.o)
                0x0001f6b8                bme280_set_standby_durn
 .text.bme280_write_register
                0x0001f898       0x64 ./../Libraries/BSTLib/debug/libBSTLib_efm32_debug.a(bme280.o)
                0x0001f898                bme280_write_register
 .text.bme280_read_register
                0x0001f8fc       0x64 ./../Libraries/BSTLib/debug/libBSTLib_efm32_debug.a(bme280.o)
                0x0001f8fc                bme280_read_register
 .text._sl_GetStartResponseConvert
                0x0001f960       0x28 ./../Libraries/WiFi/debug/libWiFi_efm32_debug.a(device.o)
 .text.sl_Start
                0x0001f988      0x130 ./../Libraries/WiFi/debug/libWiFi_efm32_debug.a(device.o)
                0x0001f988                sl_Start
 .text._sl_HandleAsync_InitComplete
                0x0001fab8       0xe8 ./../Libraries/WiFi/debug/libWiFi_efm32_debug.a(device.o)
                0x0001fab8                _sl_HandleAsync_InitComplete
 .text._sl_HandleAsync_Stop
                0x0001fba0       0x90 ./../Libraries/WiFi/debug/libWiFi_efm32_debug.a(device.o)
                0x0001fba0                _sl_HandleAsync_Stop
 .text.sl_Stop  0x0001fc30      0x110 ./../Libraries/WiFi/debug/libWiFi_efm32_debug.a(device.o)
                0x0001fc30                sl_Stop
 .text.sl_DevSet
                0x0001fd40       0x94 ./../Libraries/WiFi/debug/libWiFi_efm32_debug.a(device.o)
                0x0001fd40                sl_DevSet
 .text._SlDrvDeviceEventHandler
                0x0001fdd4       0xb8 ./../Libraries/WiFi/debug/libWiFi_efm32_debug.a(device.o)
                0x0001fdd4                _SlDrvDeviceEventHandler
 .text._SlDrvProtectAsyncRespSetting
                0x0001fe8c       0x5c ./../Libraries/WiFi/debug/libWiFi_efm32_debug.a(driver.o)
                0x0001fe8c                _SlDrvProtectAsyncRespSetting
 .text._SlDrvDriverCBInit
                0x0001fee8      0x25c ./../Libraries/WiFi/debug/libWiFi_efm32_debug.a(driver.o)
                0x0001fee8                _SlDrvDriverCBInit
 .text._SlDrvDriverCBDeinit
                0x00020144      0x190 ./../Libraries/WiFi/debug/libWiFi_efm32_debug.a(driver.o)
                0x00020144                _SlDrvDriverCBDeinit
 .text._SlDrvRxIrqHandler
                0x000202d4       0x80 ./../Libraries/WiFi/debug/libWiFi_efm32_debug.a(driver.o)
                0x000202d4                _SlDrvRxIrqHandler
 .text._SlDrvCmdOp
                0x00020354       0xe4 ./../Libraries/WiFi/debug/libWiFi_efm32_debug.a(driver.o)
                0x00020354                _SlDrvCmdOp
 .text._SlDrvDataReadOp
                0x00020438      0x270 ./../Libraries/WiFi/debug/libWiFi_efm32_debug.a(driver.o)
                0x00020438                _SlDrvDataReadOp
 .text._SlDrvDataWriteOp
                0x000206a8      0x1c8 ./../Libraries/WiFi/debug/libWiFi_efm32_debug.a(driver.o)
                0x000206a8                _SlDrvDataWriteOp
 .text._SlDrvMsgWrite
                0x00020870      0x248 ./../Libraries/WiFi/debug/libWiFi_efm32_debug.a(driver.o)
 .text._SlDrvMsgRead
                0x00020ab8      0x7a0 ./../Libraries/WiFi/debug/libWiFi_efm32_debug.a(driver.o)
 .text._SlAsyncEventGenericHandler
                0x00021258      0x120 ./../Libraries/WiFi/debug/libWiFi_efm32_debug.a(driver.o)
 .text._SlDrvMsgReadCmdCtx
                0x00021378      0x19c ./../Libraries/WiFi/debug/libWiFi_efm32_debug.a(driver.o)
 .text._SlDrvMsgReadSpawnCtx
                0x00021514      0x10c ./../Libraries/WiFi/debug/libWiFi_efm32_debug.a(driver.o)
                0x00021514                _SlDrvMsgReadSpawnCtx
 .text._SlDrvClassifyRxMsg
                0x00021620       0xf0 ./../Libraries/WiFi/debug/libWiFi_efm32_debug.a(driver.o)
 .text._SlDrvRxHdrRead
                0x00021710      0x2d4 ./../Libraries/WiFi/debug/libWiFi_efm32_debug.a(driver.o)
 .text._SlDrvCmdSend
                0x000219e4       0x9c ./../Libraries/WiFi/debug/libWiFi_efm32_debug.a(driver.o)
                0x000219e4                _SlDrvCmdSend
 .text._SlDrvWaitForPoolObj
                0x00021a80      0x254 ./../Libraries/WiFi/debug/libWiFi_efm32_debug.a(driver.o)
                0x00021a80                _SlDrvWaitForPoolObj
 .text._SlDrvReleasePoolObj
                0x00021cd4      0x2fc ./../Libraries/WiFi/debug/libWiFi_efm32_debug.a(driver.o)
                0x00021cd4                _SlDrvReleasePoolObj
 .text._SlRemoveFromList
                0x00021fd0      0x114 ./../Libraries/WiFi/debug/libWiFi_efm32_debug.a(driver.o)
 .text._SlFindAndSetActiveObj
                0x000220e4      0x1f4 ./../Libraries/WiFi/debug/libWiFi_efm32_debug.a(driver.o)
 .text._SlDrvDispatchHttpServerEvents
                0x000222d8       0x1c ./../Libraries/WiFi/debug/libWiFi_efm32_debug.a(driver.o)
                0x000222d8                _SlDrvDispatchHttpServerEvents
 .text._SlDrvSyncObjSignal
                0x000222f4       0x30 ./../Libraries/WiFi/debug/libWiFi_efm32_debug.a(driver.o)
                0x000222f4                _SlDrvSyncObjSignal
 .text._SlDrvObjLockWaitForever
                0x00022324       0x34 ./../Libraries/WiFi/debug/libWiFi_efm32_debug.a(driver.o)
                0x00022324                _SlDrvObjLockWaitForever
 .text._SlDrvProtectionObjLockWaitForever
                0x00022358       0x40 ./../Libraries/WiFi/debug/libWiFi_efm32_debug.a(driver.o)
                0x00022358                _SlDrvProtectionObjLockWaitForever
 .text._SlDrvObjUnLock
                0x00022398       0x30 ./../Libraries/WiFi/debug/libWiFi_efm32_debug.a(driver.o)
                0x00022398                _SlDrvObjUnLock
 .text._SlDrvProtectionObjUnLock
                0x000223c8       0x3c ./../Libraries/WiFi/debug/libWiFi_efm32_debug.a(driver.o)
                0x000223c8                _SlDrvProtectionObjUnLock
 .text._SlDrvObjGlobalLockWaitForever
                0x00022404       0x3c ./../Libraries/WiFi/debug/libWiFi_efm32_debug.a(driver.o)
 .text._SlDrvGlobalObjUnLock
                0x00022440       0x3c ./../Libraries/WiFi/debug/libWiFi_efm32_debug.a(driver.o)
                0x00022440                _SlDrvGlobalObjUnLock
 .text._SlDrvMemZero
                0x0002247c       0x24 ./../Libraries/WiFi/debug/libWiFi_efm32_debug.a(driver.o)
                0x0002247c                _SlDrvMemZero
 .text._SlDrvResetCmdExt
                0x000224a0       0x1c ./../Libraries/WiFi/debug/libWiFi_efm32_debug.a(driver.o)
                0x000224a0                _SlDrvResetCmdExt
 .text._SlDrvSyncObjWaitForever
                0x000224bc       0x38 ./../Libraries/WiFi/debug/libWiFi_efm32_debug.a(driver.o)
                0x000224bc                _SlDrvSyncObjWaitForever
 .text._SlDrvSyncObjWaitTimeout
                0x000224f4       0x58 ./../Libraries/WiFi/debug/libWiFi_efm32_debug.a(driver.o)
                0x000224f4                _SlDrvSyncObjWaitTimeout
 .text._SlDriverHandleError
                0x0002254c       0xb4 ./../Libraries/WiFi/debug/libWiFi_efm32_debug.a(driver.o)
                0x0002254c                _SlDriverHandleError
 .text._sl_Strlen
                0x00022600       0x48 ./../Libraries/WiFi/debug/libWiFi_efm32_debug.a(fs.o)
 .text._sl_GetCreateFsMode
                0x00022648       0xd0 ./../Libraries/WiFi/debug/libWiFi_efm32_debug.a(fs.o)
                0x00022648                _sl_GetCreateFsMode
 .text.sl_FsOpen
                0x00022718       0xb0 ./../Libraries/WiFi/debug/libWiFi_efm32_debug.a(fs.o)
                0x00022718                sl_FsOpen
 .text.sl_FsClose
                0x000227c8       0xc4 ./../Libraries/WiFi/debug/libWiFi_efm32_debug.a(fs.o)
                0x000227c8                sl_FsClose
 .text.sl_FsWrite
                0x0002288c      0x100 ./../Libraries/WiFi/debug/libWiFi_efm32_debug.a(fs.o)
                0x0002288c                sl_FsWrite
 .text.sl_NetAppStop
                0x0002298c       0x58 ./../Libraries/WiFi/debug/libWiFi_efm32_debug.a(netapp.o)
                0x0002298c                sl_NetAppStop
 .text._sl_HandleAsync_DnsGetHostByService
                0x000229e4      0x114 ./../Libraries/WiFi/debug/libWiFi_efm32_debug.a(netapp.o)
                0x000229e4                _sl_HandleAsync_DnsGetHostByService
 .text.sl_NetAppDnsGetHostByName
                0x00022af8      0x194 ./../Libraries/WiFi/debug/libWiFi_efm32_debug.a(netapp.o)
                0x00022af8                sl_NetAppDnsGetHostByName
 .text._sl_HandleAsync_DnsGetHostByName
                0x00022c8c      0x108 ./../Libraries/WiFi/debug/libWiFi_efm32_debug.a(netapp.o)
                0x00022c8c                _sl_HandleAsync_DnsGetHostByName
 .text.CopyPingResultsToReport
                0x00022d94       0x44 ./../Libraries/WiFi/debug/libWiFi_efm32_debug.a(netapp.o)
 .text._sl_HandleAsync_PingResponse
                0x00022dd8       0xf4 ./../Libraries/WiFi/debug/libWiFi_efm32_debug.a(netapp.o)
                0x00022dd8                _sl_HandleAsync_PingResponse
 .text._sl_NetAppSendTokenValue
                0x00022ecc       0x88 ./../Libraries/WiFi/debug/libWiFi_efm32_debug.a(netapp.o)
                0x00022ecc                _sl_NetAppSendTokenValue
 .text._SlDrvNetAppEventHandler
                0x00022f54      0x148 ./../Libraries/WiFi/debug/libWiFi_efm32_debug.a(netapp.o)
                0x00022f54                _SlDrvNetAppEventHandler
 .text._sl_BuildAddress
                0x0002309c       0x60 ./../Libraries/WiFi/debug/libWiFi_efm32_debug.a(socket.o)
 .text._sl_TruncatePayloadByProtocol
                0x000230fc       0x44 ./../Libraries/WiFi/debug/libWiFi_efm32_debug.a(socket.o)
 .text.sl_Socket
                0x00023140       0x7c ./../Libraries/WiFi/debug/libWiFi_efm32_debug.a(socket.o)
                0x00023140                sl_Socket
 .text.sl_Close
                0x000231bc       0x5c ./../Libraries/WiFi/debug/libWiFi_efm32_debug.a(socket.o)
                0x000231bc                sl_Close
 .text.sl_Connect
                0x00023218      0x1b0 ./../Libraries/WiFi/debug/libWiFi_efm32_debug.a(socket.o)
                0x00023218                sl_Connect
 .text._sl_HandleAsync_Connect
                0x000233c8       0xd4 ./../Libraries/WiFi/debug/libWiFi_efm32_debug.a(socket.o)
                0x000233c8                _sl_HandleAsync_Connect
 .text.sl_Send  0x0002349c      0x124 ./../Libraries/WiFi/debug/libWiFi_efm32_debug.a(socket.o)
                0x0002349c                sl_Send
 .text.sl_Htonl
                0x000235c0       0x58 ./../Libraries/WiFi/debug/libWiFi_efm32_debug.a(socket.o)
                0x000235c0                sl_Htonl
 .text.sl_Htons
                0x00023618       0x48 ./../Libraries/WiFi/debug/libWiFi_efm32_debug.a(socket.o)
                0x00023618                sl_Htons
 .text._sl_HandleAsync_Accept
                0x00023660       0xa8 ./../Libraries/WiFi/debug/libWiFi_efm32_debug.a(socket.o)
                0x00023660                _sl_HandleAsync_Accept
 .text._sl_HandleAsync_Select
                0x00023708       0x94 ./../Libraries/WiFi/debug/libWiFi_efm32_debug.a(socket.o)
                0x00023708                _sl_HandleAsync_Select
 .text.sl_Recv  0x0002379c       0x90 ./../Libraries/WiFi/debug/libWiFi_efm32_debug.a(socket.o)
                0x0002379c                sl_Recv
 .text.sl_SetSockOpt
                0x0002382c       0x94 ./../Libraries/WiFi/debug/libWiFi_efm32_debug.a(socket.o)
                0x0002382c                sl_SetSockOpt
 .text.sl_Select
                0x000238c0      0x188 ./../Libraries/WiFi/debug/libWiFi_efm32_debug.a(socket.o)
                0x000238c0                sl_Select
 .text.SL_FD_SET
                0x00023a48       0x30 ./../Libraries/WiFi/debug/libWiFi_efm32_debug.a(socket.o)
                0x00023a48                SL_FD_SET
 .text.SL_FD_ISSET
                0x00023a78       0x3c ./../Libraries/WiFi/debug/libWiFi_efm32_debug.a(socket.o)
                0x00023a78                SL_FD_ISSET
 .text.SL_FD_ZERO
                0x00023ab4       0x1c ./../Libraries/WiFi/debug/libWiFi_efm32_debug.a(socket.o)
                0x00023ab4                SL_FD_ZERO
 .text.Retcode_Initialize
                0x00023ad0       0x60 ./../Platform/Essentials/release/libEssentials_efm32.a(Retcode.o)
                0x00023ad0                Retcode_Initialize
 .text.Retcode_RaiseError
                0x00023b30       0x24 ./../Platform/Essentials/release/libEssentials_efm32.a(Retcode.o)
                0x00023b30                Retcode_RaiseError
 .text.Retcode_RaiseErrorFromIsr
                0x00023b54       0x24 ./../Platform/Essentials/release/libEssentials_efm32.a(Retcode.o)
                0x00023b54                Retcode_RaiseErrorFromIsr
 .text.Retcode_raiseError
                0x00023b78       0x18 ./../Platform/Essentials/release/libEssentials_efm32.a(Retcode.o)
                0x00023b78                Retcode_raiseError
 .text.Retcode_raiseErrorFromIsr
                0x00023b90       0x18 ./../Platform/Essentials/release/libEssentials_efm32.a(Retcode.o)
                0x00023b90                Retcode_raiseErrorFromIsr
 .text.RTC_IntClear
                0x00023ba8       0x20 ./../Platform/Essentials/release/libEssentials_efm32.a(Timer.o)
 .text.RTC_IntDisable
                0x00023bc8       0x30 ./../Platform/Essentials/release/libEssentials_efm32.a(Timer.o)
 .text.RTC_IntGet
                0x00023bf8       0x18 ./../Platform/Essentials/release/libEssentials_efm32.a(Timer.o)
 .text.TIMER_IntClear
                0x00023c10       0x1c ./../Platform/Essentials/release/libEssentials_efm32.a(Timer.o)
 .text.TIMER_IntDisable
                0x00023c2c       0x24 ./../Platform/Essentials/release/libEssentials_efm32.a(Timer.o)
 .text.TIMER_IntGet
                0x00023c50       0x18 ./../Platform/Essentials/release/libEssentials_efm32.a(Timer.o)
 .text.LETIMER_IntClear
                0x00023c68       0x1c ./../Platform/Essentials/release/libEssentials_efm32.a(Timer.o)
 .text.LETIMER_IntDisable
                0x00023c84       0x24 ./../Platform/Essentials/release/libEssentials_efm32.a(Timer.o)
 .text.LETIMER_IntGet
                0x00023ca8       0x18 ./../Platform/Essentials/release/libEssentials_efm32.a(Timer.o)
 .text.MCU_Timer_Initialize
                0x00023cc0       0xe4 ./../Platform/Essentials/release/libEssentials_efm32.a(Timer.o)
                0x00023cc0                MCU_Timer_Initialize
 .text.MCU_Timer_Callback
                0x00023da4       0x5c ./../Platform/Essentials/release/libEssentials_efm32.a(Timer.o)
                0x00023da4                MCU_Timer_Callback
 .text.ValidateTimerHandle
                0x00023e00       0x40 ./../Platform/Essentials/release/libEssentials_efm32.a(Timer.o)
 .text.getTimerEvent
                0x00023e40       0xc8 ./../Platform/Essentials/release/libEssentials_efm32.a(Timer.o)
 .text.extractFlags_RTC
                0x00023f08       0x9c ./../Platform/Essentials/release/libEssentials_efm32.a(Timer.o)
 .text.extractFlags_LETIMER
                0x00023fa4       0x9c ./../Platform/Essentials/release/libEssentials_efm32.a(Timer.o)
 .text.extractFlags_TIMER
                0x00024040       0xd0 ./../Platform/Essentials/release/libEssentials_efm32.a(Timer.o)
 .text.MCU_Timer_GetRtcHandle
                0x00024110       0x14 ./../Platform/Essentials/release/libEssentials_efm32.a(Timer.o)
                0x00024110                MCU_Timer_GetRtcHandle
 .text.MCU_Timer_HandleRtcIrq
                0x00024124       0x14 ./../Platform/Essentials/release/libEssentials_efm32.a(Timer.o)
                0x00024124                MCU_Timer_HandleRtcIrq
 .text.CmdProcessor_initialize
                0x00024138       0xe0 ./../Platform/Utils/release/libUtils_efm32.a(CmdProcessor.o)
                0x00024138                CmdProcessor_initialize
 .text.CmdProcessor_enqueue
                0x00024218       0x74 ./../Platform/Utils/release/libUtils_efm32.a(CmdProcessor.o)
                0x00024218                CmdProcessor_enqueue
 .text.run      0x0002428c       0x14 ./../Platform/Utils/release/libUtils_efm32.a(CmdProcessor.o)
 .text.dequeue  0x000242a0       0x80 ./../Platform/Utils/release/libUtils_efm32.a(CmdProcessor.o)
 .text.NVM_Initialize
                0x00024320       0x4c ./../Platform/Drivers/release/libDrivers_efm32.a(BCDS_NVM.o)
                0x00024320                NVM_Initialize
 .text.objectConsistencyCheck
                0x0002436c       0x58 ./../Platform/Drivers/release/libDrivers_efm32.a(BCDS_NVM.o)
 .text.NVM_Read
                0x000243c4       0x7c ./../Platform/Drivers/release/libDrivers_efm32.a(BCDS_NVM.o)
                0x000243c4                NVM_Read
 .text.itemConsistencyCheck
                0x00024440       0x50 ./../Platform/Drivers/release/libDrivers_efm32.a(BCDS_NVM.o)
 .text.NVM_Write
                0x00024490       0x94 ./../Platform/Drivers/release/libDrivers_efm32.a(BCDS_NVM.o)
                0x00024490                NVM_Write
 .text.NVM_Flush
                0x00024524       0x9c ./../Platform/Drivers/release/libDrivers_efm32.a(BCDS_NVM.o)
                0x00024524                NVM_Flush
 .text.sectionUpdateRequired